 PhysXCooking_64

 Timestamp is 6977caab (Mon Jan 26 20:12:27 2026)

 Preferred load address is 0000000180000000

 Start         Length     Name                   Class
 0001:00000000 000003c0H .text$di                CODE
 0001:000003c0 00029480H .text$mn                CODE
 0001:00029840 00000036H .text$mn$00             CODE
 0001:00029876 00000092H .text$x                 CODE
 0002:00000000 00000180H .idata$5                DATA
 0002:00000180 00000038H .00cfg                  DATA
 0002:000001b8 00000008H .CRT$XCA                DATA
 0002:000001c0 000001e0H .CRT$XCU                DATA
 0002:000003a0 00000008H .CRT$XCZ                DATA
 0002:000003a8 00000008H .CRT$XIA                DATA
 0002:000003b0 00000008H .CRT$XIZ                DATA
 0002:000003b8 00000008H .CRT$XPA                DATA
 0002:000003c0 00000008H .CRT$XPZ                DATA
 0002:000003c8 00000008H .CRT$XTA                DATA
 0002:000003d0 00000010H .CRT$XTZ                DATA
 0002:000003d8 00000000H .gehcont$y              DATA
 0002:000003d8 00000000H .gfids$y                DATA
 0002:000003e0 00001ca0H .rdata                  DATA
 0002:00002080 00000000H .rdata$CastGuardVftablesA DATA
 0002:00002080 00000000H .rdata$CastGuardVftablesC DATA
 0002:00002080 00000074H .rdata$r                DATA
 0002:000020f4 000000b8H .rdata$voltmd           DATA
 0002:000021ac 000003b4H .rdata$zzzdbg           DATA
 0002:00002560 00000008H .rtc$IAA                DATA
 0002:00002568 00000008H .rtc$IZZ                DATA
 0002:00002570 00000008H .rtc$TAA                DATA
 0002:00002578 00000008H .rtc$TZZ                DATA
 0002:00002580 00002e20H .xdata                  DATA
 0002:000053a0 00000040H .didat$2                DATA
 0002:000053e0 00000020H .didat$3                DATA
 0002:00005400 00000188H .didat$4                DATA
 0002:00005588 00000950H .didat$6                DATA
 0002:00005ed8 000002b8H .didat$7                DATA
 0002:00006190 00001d00H .edata                  DATA
 0002:00007e90 00000078H .idata$2                DATA
 0002:00007f08 00000018H .idata$3                DATA
 0002:00007f20 00000180H .idata$4                DATA
 0002:000080a0 000003d4H .idata$6                DATA
 0003:00000000 000000e0H .data                   DATA
 0003:000000e0 00000598H .data$r                 DATA
 0003:00000678 00000020H .data$rs                DATA
 0003:00000698 00000188H .didat$5                DATA
 0003:00000820 00000498H .bss                    DATA
 0004:00000000 00001f38H .pdata                  DATA
 0005:00000000 00002208H _RDATA                  DATA
 0006:00000000 000000a0H .rsrc$01                DATA
 0006:000000a0 000004b0H .rsrc$02                DATA

  Address         Publics by Value              Rva+Base               Lib:Object

 0000:00000000       __AbsoluteZero             0000000000000000     <absolute>
 0000:00000000       ___safe_se_handler_count   0000000000000000     <absolute>
 0000:00000000       ___safe_se_handler_table   0000000000000000     <absolute>
 0000:00000000       __arm64x_extra_rfe_table   0000000000000000     <absolute>
 0000:00000000       __arm64x_extra_rfe_table_size 0000000000000000     <absolute>
 0000:00000000       __arm64x_native_entrypoint 0000000000000000     <absolute>
 0000:00000000       __arm64x_redirection_metadata 0000000000000000     <absolute>
 0000:00000000       __arm64x_redirection_metadata_count 0000000000000000     <absolute>
 0000:00000000       __dynamic_value_reloc_table 0000000000000000     <absolute>
 0000:00000000       __enclave_config           0000000000000000     <absolute>
 0000:00000000       __guard_check_icall_a64n_fptr 0000000000000000     <absolute>
 0000:00000000       __guard_eh_cont_count      0000000000000000     <absolute>
 0000:00000000       __guard_eh_cont_table      0000000000000000     <absolute>
 0000:00000000       __guard_fids_count         0000000000000000     <absolute>
 0000:00000000       __guard_fids_table         0000000000000000     <absolute>
 0000:00000000       __guard_iat_count          0000000000000000     <absolute>
 0000:00000000       __guard_iat_table          0000000000000000     <absolute>
 0000:00000000       __guard_longjmp_count      0000000000000000     <absolute>
 0000:00000000       __guard_longjmp_table      0000000000000000     <absolute>
 0000:00000000       __hybrid_auxiliary_delayload_iat 0000000000000000     <absolute>
 0000:00000000       __hybrid_auxiliary_delayload_iat_copy 0000000000000000     <absolute>
 0000:00000000       __hybrid_auxiliary_iat     0000000000000000     <absolute>
 0000:00000000       __hybrid_auxiliary_iat_copy 0000000000000000     <absolute>
 0000:00000000       __hybrid_code_map          0000000000000000     <absolute>
 0000:00000000       __hybrid_code_map_count    0000000000000000     <absolute>
 0000:00000000       __hybrid_image_info_bitfield 0000000000000000     <absolute>
 0000:00000000       __x64_code_ranges_to_entry_points 0000000000000000     <absolute>
 0000:00000000       __x64_code_ranges_to_entry_points_count 0000000000000000     <absolute>
 0000:00000100       __guard_flags              0000000000000100     <absolute>
 0000:00000000       __ImageBase                0000000180000000     <linker-defined>
 0001:000003c0       ??$?_UV?$ReflectionAllocator@VAdjTriangle@physx@@@shdfnd@physx@@@UserAllocated@shdfnd@physx@@SAPEAX_KV?$ReflectionAllocator@VAdjTriangle@physx@@@12@PEBDH@Z 00000001800013c0 f i Adjacencies.obj
 0001:00000460       ??0AdjacenciesBuilder@physx@@QEAA@XZ 0000000180001460 f   Adjacencies.obj
 0001:00000470       ??0AABBTreeBuildNode@Gu@physx@@QEAA@XZ 0000000180001470 f i BVHStructureBuilder.obj
 0001:00000470       ??0Allocator@shdfnd@physx@@QEAA@PEBD@Z 0000000180001470 f i Adjacencies.obj
 0001:00000470       ??0BigConvexData@physx@@QEAA@W4PxEMPTY@1@@Z 0000000180001470 f i BigConvexDataBuilder.obj
 0001:00000470       ??0Box@Gu@physx@@QEAA@XZ   0000000180001470 f i ConvexHullUtils.obj
 0001:00000470       ??0HeightFieldData@Gu@physx@@QEAA@W4PxEMPTY@2@@Z 0000000180001470 f i Cooking.obj
 0001:00000470       ??4Allocator@shdfnd@physx@@QEAAAEAV012@$$QEAV012@@Z 0000000180001470 f i Adjacencies.obj
 0001:00000470       ??4Allocator@shdfnd@physx@@QEAAAEAV012@AEBV012@@Z 0000000180001470 f i Adjacencies.obj
 0001:00000470       ??4MutexImpl@shdfnd@physx@@QEAAAEAV012@AEBV012@@Z 0000000180001470 f i Adjacencies.obj
 0001:00000470       ??4PxFoundation@physx@@QEAAAEAV01@AEBV01@@Z 0000000180001470 f i Adjacencies.obj
 0001:00000470       ?getAABB@AABBTreeBuildNode@Gu@physx@@QEBAAEBVPxBounds3@3@XZ 0000000180001470 f i BVHStructureBuilder.obj
 0001:00000470       ?getPaddedBounds@HeightFieldData@Gu@physx@@QEBAAEBVCenterExtentsPadded@23@XZ 0000000180001470 f i Cooking.obj
 0001:00000480       ??0PxFoundation@physx@@QEAA@AEBV01@@Z 0000000180001480 f i Adjacencies.obj
 0001:00000480       ??0PxFoundation@physx@@QEAA@XZ 0000000180001480 f i Adjacencies.obj
 0001:00000490       ??1Adjacencies@physx@@QEAA@XZ 0000000180001490 f   Adjacencies.obj
 0001:00000500       ??1AdjacenciesBuilder@physx@@QEAA@XZ 0000000180001500 f   Adjacencies.obj
 0001:00000510       ??1PxFoundation@physx@@MEAA@XZ 0000000180001510 f i Adjacencies.obj
 0001:00000520       ??_EPxFoundation@physx@@MEAAPEAXI@Z 0000000180001520 f i Adjacencies.obj
 0001:000005b0       ??1AABBTreeBuildNode@Gu@physx@@QEAA@XZ 00000001800015b0 f i BVHStructureBuilder.obj
 0001:000005b0       ??1BigConvexDataBuilder@physx@@QEAA@XZ 00000001800015b0 f i BigConvexDataBuilder.obj
 0001:000005b0       ??1Box@Gu@physx@@QEAA@XZ   00000001800015b0 f i ConvexHullUtils.obj
 0001:000005b0       ??1HeightFieldData@Gu@physx@@QEAA@XZ 00000001800015b0 f i Cooking.obj
 0001:000005b0       ??_FAllocator@shdfnd@physx@@QEAAXXZ 00000001800015b0 f i Adjacencies.obj
 0001:000005b0       ?onMeshIndexFormatChange@TriangleMeshBuilder@physx@@UEAAXXZ 00000001800015b0 f i TriangleMeshBuilder.obj
 0001:000005b0       _guard_check_icall_nop     00000001800015b0 f i MSVCRT:guard_support.obj
 0001:000005c0       ?ComputeNbBoundaryEdges@Adjacencies@physx@@QEBAIXZ 00000001800015c0 f   Adjacencies.obj
 0001:000008b0       ?GetNbHits@RadixSort@Cm@physx@@QEBAIXZ 00000001800018b0 f i Adjacencies.obj
 0001:000008c0       ?GetNbTotalCalls@RadixSort@Cm@physx@@QEBAIXZ 00000001800018c0 f i Adjacencies.obj
 0001:000008d0       ?GetRanks@RadixSort@Cm@physx@@QEBAPEBIXZ 00000001800018d0 f i Adjacencies.obj
 0001:000008d0       ?getErrorCallback@Foundation@shdfnd@physx@@UEAAAEAVPxErrorCallback@3@XZ 00000001800018d0 f i Adjacencies.obj
 0001:000008e0       ?GetRecyclable@RadixSort@Cm@physx@@QEBAPEAIXZ 00000001800018e0 f i Adjacencies.obj
 0001:000008e0       ?GetValencies@BigConvexData@physx@@QEBAPEBUValency@Gu@2@XZ 00000001800018e0 f i BigConvexDataBuilder.obj
 0001:000008e0       ?getPos@AABBTreeBuildNode@Gu@physx@@QEBAPEBV123@XZ 00000001800018e0 f i BVHStructureBuilder.obj
 0001:000008f0       ?Init@AdjacenciesBuilder@physx@@QEAA_NAEBUADJACENCIESCREATE@2@@Z 00000001800018f0 f   Adjacencies.obj
 0001:00000ed0       ?getAllocator@Foundation@shdfnd@physx@@QEAAAEAVPxAllocatorCallback@3@XZ 0000000180001ed0 f i Adjacencies.obj
 0001:00000ee0       ?getAllocatorCallback@Foundation@shdfnd@physx@@UEAAAEAVPxAllocatorCallback@3@XZ 0000000180001ee0 f i Adjacencies.obj
 0001:00000ef0       ?getErrorLevel@Foundation@shdfnd@physx@@UEBA?AW4Enum@PxErrorCode@3@XZ 0000000180001ef0 f i Adjacencies.obj
 0001:00000f00       ?getInternalErrorCallback@Foundation@shdfnd@physx@@QEAAAEAVPxErrorCallback@3@XZ 0000000180001f00 f i Adjacencies.obj
 0001:00000f10       ?getNamedAllocMap@Foundation@shdfnd@physx@@QEAAAEAV?$HashMap@PEBVNamedAllocator@shdfnd@physx@@PEBDU?$Hash@PEBVNamedAllocator@shdfnd@physx@@@23@VNonTrackingAllocator@23@@23@XZ 0000000180001f10 f i Adjacencies.obj
 0001:00000f20       ?getNamedAllocMutex@Foundation@shdfnd@physx@@QEAAAEAV?$MutexT@VAllocator@shdfnd@physx@@@23@XZ 0000000180001f20 f i Adjacencies.obj
 0001:00000f30       ?getReportAllocationNames@Foundation@shdfnd@physx@@UEBA_NXZ 0000000180001f30 f i Adjacencies.obj
 0001:00000f40       ?getTempAllocFreeTable@Foundation@shdfnd@physx@@QEAAAEAV?$Array@PEATTempAllocatorChunk@shdfnd@physx@@VAllocator@23@@23@XZ 0000000180001f40 f i Adjacencies.obj
 0001:00000f50       ?getTempAllocMutex@Foundation@shdfnd@physx@@QEAAAEAV?$MutexT@VAllocator@shdfnd@physx@@@23@XZ 0000000180001f50 f i Adjacencies.obj
 0001:00000f60       ?invalidateRanks@RadixSort@Cm@physx@@QEAAXXZ 0000000180001f60 f i Adjacencies.obj
 0001:00000f70       ?setErrorLevel@Foundation@shdfnd@physx@@UEAAXW4Enum@PxErrorCode@3@@Z 0000000180001f70 f i Adjacencies.obj
 0001:00000f80       ?setReportAllocationNames@Foundation@shdfnd@physx@@UEAAX_N@Z 0000000180001f80 f i Adjacencies.obj
 0001:00000f90       ??0DebugText@Cm@physx@@QEAA@$$QEAU012@@Z 0000000180001f90 f i Cooking.obj
 0001:00000f90       ??0DebugText@Cm@physx@@QEAA@AEBU012@@Z 0000000180001f90 f i Cooking.obj
 0001:00001070       ??0HeightFieldData@Gu@physx@@QEAA@$$QEAU012@@Z 0000000180002070 f i Cooking.obj
 0001:00001070       ??0HeightFieldData@Gu@physx@@QEAA@AEBU012@@Z 0000000180002070 f i Cooking.obj
 0001:00001070       ??4HeightFieldData@Gu@physx@@QEAAAEAU012@$$QEAU012@@Z 0000000180002070 f i Cooking.obj
 0001:00001070       ??4HeightFieldData@Gu@physx@@QEAAAEAU012@AEBU012@@Z 0000000180002070 f i Cooking.obj
 0001:000010d0       ??0HeightFieldData@Gu@physx@@QEAA@XZ 00000001800020d0 f i Cooking.obj
 0001:000010e0       ??0RenderOutput@Cm@physx@@QEAA@AEAVRenderBuffer@12@@Z 00000001800020e0 f i Cooking.obj
 0001:00001130       ??0RenderOutput@Cm@physx@@QEAA@AEBV012@@Z 0000000180002130 f i Cooking.obj
 0001:000011d0       ??1PxConvexMesh@physx@@MEAA@XZ 00000001800021d0 f i Cooking.obj
 0001:000011d0       ??1PxHeightField@physx@@MEAA@XZ 00000001800021d0 f i Cooking.obj
 0001:000011e0       ??4DebugText@Cm@physx@@QEAAAEAU012@$$QEAU012@@Z 00000001800021e0 f i Cooking.obj
 0001:000011e0       ??4DebugText@Cm@physx@@QEAAAEAU012@AEBU012@@Z 00000001800021e0 f i Cooking.obj
 0001:00001310       ??4FPUGuard@shdfnd@physx@@QEAAAEAV012@AEBV012@@Z 0000000180002310 f i Cooking.obj
 0001:00001330       ??_ECooking@physx@@UEAAPEAXI@Z 0000000180002330 f i Cooking.obj
 0001:00001330       ??_GCooking@physx@@UEAAPEAXI@Z 0000000180002330 f i Cooking.obj
 0001:00001380       ??_EPxBase@physx@@MEAAPEAXI@Z 0000000180002380 f i Cooking.obj
 0001:00001380       ??_GPxBase@physx@@MEAAPEAXI@Z 0000000180002380 f i Cooking.obj
 0001:000013b0       ??_EPxCooking@physx@@MEAAPEAXI@Z 00000001800023b0 f i Cooking.obj
 0001:000013b0       ??_GPxCooking@physx@@MEAAPEAXI@Z 00000001800023b0 f i Cooking.obj
 0001:000013e0       ?allocate@?$Array@UPxDebugLine@physx@@V?$ReflectionAllocator@UPxDebugLine@physx@@@shdfnd@2@@shdfnd@physx@@IEAAPEAUPxDebugLine@3@I@Z 00000001800023e0 f i Cooking.obj
 0001:00001480       ?computeHullPolygons@Cooking@physx@@UEBA_NAEBVPxSimpleTriangleMesh@2@AEAVPxAllocatorCallback@2@AEAIAEAPEAVPxVec3@2@2AEAPEAI2AEAPEAUPxHullPolygon@2@@Z 0000000180002480 f   Cooking.obj
 0001:00001670       ?cookBVHStructure@Cooking@physx@@UEBA_NAEBVPxBVHStructureDesc@2@AEAVPxOutputStream@2@@Z 0000000180002670 f   Cooking.obj
 0001:00001720       ?cookConvexMesh@Cooking@physx@@UEBA_NAEBVPxConvexMeshDesc@2@AEAVPxOutputStream@2@PEAW4Enum@PxConvexMeshCookingResult@2@@Z 0000000180002720 f   Cooking.obj
 0001:00001900       ?cookConvexMeshInternal@Cooking@physx@@AEBA_NAEBVPxConvexMeshDesc@2@AEAVConvexMeshBuilder@2@PEAVConvexHullLib@2@PEAW4Enum@PxConvexMeshCookingResult@2@@Z 0000000180002900 f   Cooking.obj
 0001:00001be0       ?cookHeightField@Cooking@physx@@UEBA_NAEBVPxHeightFieldDesc@2@AEAVPxOutputStream@2@@Z 0000000180002be0 f   Cooking.obj
 0001:00001cb0       ?cookTriangleMesh@Cooking@physx@@UEBA_NAEBVPxTriangleMeshDesc@2@AEAVPxOutputStream@2@PEAW4Enum@PxTriangleMeshCookingResult@2@@Z 0000000180002cb0 f   Cooking.obj
 0001:00001df0       ?copy@?$Array@UPxDebugLine@physx@@V?$ReflectionAllocator@UPxDebugLine@physx@@@shdfnd@2@@shdfnd@physx@@KAXPEAUPxDebugLine@3@0PEBU43@@Z 0000000180002df0 f i Cooking.obj
 0001:00001df0       ?copy@?$Array@URTreeNodeNQ@physx@@V?$ReflectionAllocator@URTreeNodeNQ@physx@@@shdfnd@2@@shdfnd@physx@@KAXPEAURTreeNodeNQ@3@0PEBU43@@Z 0000000180002df0 f i RTreeCooking.obj
 0001:00001f90       ?createBVHStructure@Cooking@physx@@UEBAPEAVPxBVHStructure@2@AEBVPxBVHStructureDesc@2@AEAVPxPhysicsInsertionCallback@2@@Z 0000000180002f90 f   Cooking.obj
 0001:00002040       ?createConvexMesh@Cooking@physx@@UEBAPEAVPxConvexMesh@2@AEBVPxConvexMeshDesc@2@AEAVPxPhysicsInsertionCallback@2@PEAW4Enum@PxConvexMeshCookingResult@2@@Z 0000000180003040 f   Cooking.obj
 0001:00002240       ?createHeightField@Cooking@physx@@UEBAPEAVPxHeightField@2@AEBVPxHeightFieldDesc@2@AEAVPxPhysicsInsertionCallback@2@@Z 0000000180003240 f   Cooking.obj
 0001:000023a0       ?createTriangleMesh@Cooking@physx@@UEBAPEAVPxTriangleMesh@2@AEBVPxTriangleMeshDesc@2@AEAVPxPhysicsInsertionCallback@2@PEAW4Enum@PxTriangleMeshCookingResult@2@@Z 00000001800033a0 f   Cooking.obj
 0001:000024f0       ?getConcreteTypeName@PxConvexMesh@physx@@UEBAPEBDXZ 00000001800034f0 f i Cooking.obj
 0001:00002500       ?getConcreteTypeName@PxHeightField@physx@@UEBAPEBDXZ 0000000180003500 f i Cooking.obj
 0001:00002510       ?getConvexEdgeThreshold@HeightField@Gu@physx@@UEBAMXZ 0000000180003510 f i Cooking.obj
 0001:00002520       ?getFlags@HeightField@Gu@physx@@UEBA?AV?$PxFlags@W4Enum@PxHeightFieldFlag@physx@@G@3@XZ 0000000180003520 f i Cooking.obj
 0001:00002530       ?getFormat@HeightField@Gu@physx@@UEBA?AW4Enum@PxHeightFieldFormat@3@XZ 0000000180003530 f i Cooking.obj
 0001:00002540       ?getHeight@HeightField@Gu@physx@@UEBAMMM@Z 0000000180003540 f i Cooking.obj
 0001:00002580       ?getHeightInternal2@HeightField@Gu@physx@@QEBAMIMM@Z 0000000180003580 f i Cooking.obj
 0001:000026f0       ?getIndexBuffer@ConvexMesh@Gu@physx@@UEBAPEBEXZ 00000001800036f0 f i Cooking.obj
 0001:00002730       ?getNbColumns@HeightField@Gu@physx@@UEBAIXZ 0000000180003730 f i Cooking.obj
 0001:00002740       ?getNbPolygons@ConvexMesh@Gu@physx@@UEBAIXZ 0000000180003740 f i Cooking.obj
 0001:00002750       ?getNbRows@HeightField@Gu@physx@@UEBAIXZ 0000000180003750 f i Cooking.obj
 0001:00002760       ?getNbVertices@ConvexMesh@Gu@physx@@UEBAIXZ 0000000180003760 f i Cooking.obj
 0001:00002770       ?getDenormalizeScale@QuantizerImpl@@UEBAAEBVPxVec3@physx@@XZ 0000000180003770 f   Quantizer.obj
 0001:00002770       ?getParams@Cooking@physx@@UEBAAEBUPxCookingParams@2@XZ 0000000180003770 f   Cooking.obj
 0001:00002780       ?getSample@HeightField@Gu@physx@@UEBAAEBUPxHeightFieldSample@3@II@Z 0000000180003780 f i Cooking.obj
 0001:00002790       ?getSampleStride@HeightField@Gu@physx@@UEBAIXZ 0000000180003790 f i Cooking.obj
 0001:000027a0       ?getTimestamp@HeightField@Gu@physx@@UEBAIXZ 00000001800037a0 f i Cooking.obj
 0001:000027b0       ?getTriangleMaterialIndex@HeightField@Gu@physx@@UEBAGI@Z 00000001800037b0 f i Cooking.obj
 0001:000027d0       ?getTriangleNormal@HeightField@Gu@physx@@UEBA?AVPxVec3@3@I@Z 00000001800037d0 f i Cooking.obj
 0001:000028e0       ?getVertices@ConvexMesh@Gu@physx@@UEBAPEBVPxVec3@3@XZ 00000001800038e0 f i Cooking.obj
 0001:00002900       ?isKindOf@PxBase@physx@@MEBA_NPEBD@Z 0000000180003900 f i Cooking.obj
 0001:00002920       ?isKindOf@PxConvexMesh@physx@@MEBA_NPEBD@Z 0000000180003920 f i Cooking.obj
 0001:00002960       ?isKindOf@PxHeightField@physx@@MEBA_NPEBD@Z 0000000180003960 f i Cooking.obj
 0001:000029a0       ?isReleasable@PxBase@physx@@UEBA_NXZ 00000001800039a0 f i Cooking.obj
 0001:000029b0       ?outputSegment@RenderOutput@Cm@physx@@QEAAXAEBVPxVec3@3@0@Z 00000001800039b0 f i Cooking.obj
 0001:00002a70       ?platformMismatch@Cooking@physx@@UEBA_NXZ 0000000180003a70 f   Cooking.obj
 0001:00002a80       ?preExportDataReset@ConvexMesh@Gu@physx@@QEAAXXZ 0000000180003a80 f i Cooking.obj
 0001:00002a80       ?preExportDataReset@HeightField@Gu@physx@@QEAAXXZ 0000000180003a80 f i Cooking.obj
 0001:00002a90       ?recreate@?$Array@UPxDebugLine@physx@@V?$ReflectionAllocator@UPxDebugLine@physx@@@shdfnd@2@@shdfnd@physx@@IEAAXI@Z 0000000180003a90 f i Cooking.obj
 0001:00002b10       ?release@Cooking@physx@@UEAAXXZ 0000000180003b10 f   Cooking.obj
 0001:00002b30       ?reserveSegments@RenderOutput@Cm@physx@@QEAAPEAUPxDebugLine@3@I@Z 0000000180003b30 f i Cooking.obj
 0001:00002b90       ?setParams@Cooking@physx@@UEAAXAEBUPxCookingParams@2@@Z 0000000180003b90 f   Cooking.obj
 0001:00002bf0       ?validateConvexMesh@Cooking@physx@@UEBA_NAEBVPxConvexMeshDesc@2@@Z 0000000180003bf0 f   Cooking.obj
 0001:00002c50       ?validateTriangleMesh@Cooking@physx@@UEBA_NAEBVPxTriangleMeshDesc@2@@Z 0000000180003c50 f   Cooking.obj
 0001:00002d60       PxCreateCooking            0000000180003d60 f   Cooking.obj
 0001:00002e50       ??0ReducedVertexCloud@physx@@QEAA@PEBVPxVec3@1@I@Z 0000000180003e50 f   CookingUtils.obj
 0001:00002e70       ??1ReducedVertexCloud@physx@@QEAA@XZ 0000000180003e70 f   CookingUtils.obj
 0001:00002e80       ?Clean@ReducedVertexCloud@physx@@QEAAAEAV12@XZ 0000000180003e80 f   CookingUtils.obj
 0001:00002ef0       ?Reduce@ReducedVertexCloud@physx@@QEAA_NPEAUREDUCEDCLOUD@2@@Z 0000000180003ef0 f   CookingUtils.obj
 0001:00003220       ??$?_UI@@YAPEAX_KV?$ReflectionAllocator@I@shdfnd@physx@@PEBDH@Z 0000000180004220 f i EdgeList.obj
 0001:000032c0       ??0EdgeListBuilder@Gu@physx@@QEAA@XZ 00000001800042c0 f   EdgeList.obj
 0001:000032e0       ??1EdgeList@Gu@physx@@QEAA@XZ 00000001800042e0 f   EdgeList.obj
 0001:00003390       ??1EdgeListBuilder@Gu@physx@@QEAA@XZ 0000000180004390 f   EdgeList.obj
 0001:000033a0       ?computeActiveEdges@EdgeListBuilder@Gu@physx@@AEAA_NIPEBIPEBGPEBVPxVec3@3@M@Z 00000001800043a0 f   EdgeList.obj
 0001:000049f0       ?createEdgesToFaces@EdgeListBuilder@Gu@physx@@AEAA_NIPEBIPEBG@Z 00000001800059f0 f   EdgeList.obj
 0001:00004c50       ?createFacesToEdges@EdgeListBuilder@Gu@physx@@AEAA_NIPEBIPEBG@Z 0000000180005c50 f   EdgeList.obj
 0001:00005110       ?init@EdgeListBuilder@Gu@physx@@QEAA_NAEBUEDGELISTCREATE@23@@Z 0000000180006110 f   EdgeList.obj
 0001:00005240       ??0MeshCleaner@physx@@QEAA@IPEBVPxVec3@1@IPEBIM@Z 0000000180006240 f   MeshCleaner.obj
 0001:00005c00       ??1MeshCleaner@physx@@QEAA@XZ 0000000180006c00 f   MeshCleaner.obj
 0001:00005c90       ??$kmeans_cluster@VPxVec3@physx@@M@@YAIPEBVPxVec3@physx@@IIPEAV01@PEAIMM@Z 0000000180006c90 f i Quantizer.obj
 0001:00006670       ??_EQuantizer@physx@@MEAAPEAXI@Z 0000000180007670 f i Quantizer.obj
 0001:00006670       ??_GQuantizer@physx@@MEAAPEAXI@Z 0000000180007670 f i Quantizer.obj
 0001:000066a0       ??_EQuantizerImpl@@EEAAPEAXI@Z 00000001800076a0 f i Quantizer.obj
 0001:000066a0       ??_GQuantizerImpl@@EEAAPEAXI@Z 00000001800076a0 f i Quantizer.obj
 0001:00006770       ?createQuantizer@physx@@YAPEAVQuantizer@1@XZ 0000000180007770 f   Quantizer.obj
 0001:00006820       ?getDenormalizeCenter@QuantizerImpl@@UEBAAEBVPxVec3@physx@@XZ 0000000180007820 f i Quantizer.obj
 0001:00006830       ?growAndPushBack@?$Array@VPxVec3@physx@@V?$ReflectionAllocator@VPxVec3@physx@@@shdfnd@2@@shdfnd@physx@@IEAAAEAVPxVec3@3@AEBV43@@Z 0000000180007830 f i Quantizer.obj
 0001:00006a20       ?kmeansQuantize3D@QuantizerImpl@@UEAAPEBVPxVec3@physx@@IPEBV23@I_NIAEAI@Z 0000000180007a20 f i Quantizer.obj
 0001:00006c80       ?normalizeInput@QuantizerImpl@@AEAAXIPEBVPxVec3@physx@@I@Z 0000000180007c80 f i Quantizer.obj
 0001:00007080       ?release@QuantizerImpl@@UEAAXXZ 0000000180008080 f i Quantizer.obj
 0001:000070a0       ??$copy@V?$ReflectionAllocator@USlab@NodeAllocator@Gu@physx@@@shdfnd@physx@@@?$Array@USlab@NodeAllocator@Gu@physx@@V?$ReflectionAllocator@USlab@NodeAllocator@Gu@physx@@@shdfnd@4@@shdfnd@physx@@IEAAXAEBV012@@Z 00000001800080a0 f i BVHStructureBuilder.obj
 0001:00007120       ??0AABBTreeBuildNode@Gu@physx@@QEAA@AEBV012@@Z 0000000180008120 f i BVHStructureBuilder.obj
 0001:00007120       ??4AABBTreeBuildNode@Gu@physx@@QEAAAEAV012@AEBV012@@Z 0000000180008120 f i BVHStructureBuilder.obj
 0001:00007160       ??0AABBTreeBuildParams@Gu@physx@@QEAA@IIPEBVPxBounds3@2@@Z 0000000180008160 f i BVHStructureBuilder.obj
 0001:00007180       ??0BVHStructureBuilder@physx@@QEAA@XZ 0000000180008180 f   BVHStructureBuilder.obj
 0001:000071a0       ??0BuildStats@Gu@physx@@QEAA@XZ 00000001800081a0 f i BVHStructureBuilder.obj
 0001:000071b0       ??0NodeAllocator@Gu@physx@@QEAA@AEBV012@@Z 00000001800081b0 f i BVHStructureBuilder.obj
 0001:000071f0       ??1AABBTreeBuildParams@Gu@physx@@QEAA@XZ 00000001800081f0 f i BVHStructureBuilder.obj
 0001:000071f0       ?reset@AABBTreeBuildParams@Gu@physx@@QEAAXXZ 00000001800081f0 f i BVHStructureBuilder.obj
 0001:00007260       ??1BVHStructureBuilder@physx@@QEAA@XZ 0000000180008260 f   BVHStructureBuilder.obj
 0001:000072f0       ??4AABBTreeBuildParams@Gu@physx@@QEAAAEAV012@AEBV012@@Z 00000001800082f0 f i BVHStructureBuilder.obj
 0001:00007310       ??4BuildStats@Gu@physx@@QEAAAEAU012@$$QEAU012@@Z 0000000180008310 f i BVHStructureBuilder.obj
 0001:00007320       ??4BuildStats@Gu@physx@@QEAAAEAU012@AEBU012@@Z 0000000180008320 f i BVHStructureBuilder.obj
 0001:00007330       ??4NodeAllocator@Gu@physx@@QEAAAEAV012@AEBV012@@Z 0000000180008330 f i BVHStructureBuilder.obj
 0001:000073e0       ??_FAABBTreeBuildParams@Gu@physx@@QEAAXXZ 00000001800083e0 f i BVHStructureBuilder.obj
 0001:00007400       ??_V@YAXPEAX_K@Z           0000000180008400 f i MSVCRT:delete_array_size.obj
 0001:00007400       ?__global_delete@@YAXPEAX_K@Z 0000000180008400 f i BVHStructureBuilder.obj
 0001:00007410       ?allocate@?$Array@USlab@NodeAllocator@Gu@physx@@V?$ReflectionAllocator@USlab@NodeAllocator@Gu@physx@@@shdfnd@4@@shdfnd@physx@@IEAAPEAUSlab@NodeAllocator@Gu@3@I@Z 0000000180008410 f i BVHStructureBuilder.obj
 0001:000074b0       ?flatten@@YAXAEBVNodeAllocator@Gu@physx@@PEAUBVHNode@23@@Z 00000001800084b0 f   BVHStructureBuilder.obj
 0001:00007670       ?getCount@BuildStats@Gu@physx@@QEBAIXZ 0000000180008670 f i BVHStructureBuilder.obj
 0001:00007680       ?getNbPrimitives@AABBTreeBuildNode@Gu@physx@@QEBAIXZ 0000000180008680 f i BVHStructureBuilder.obj
 0001:00007680       ?getNbRuntimePrimitives@AABBTreeBuildNode@Gu@physx@@QEBAIXZ 0000000180008680 f i BVHStructureBuilder.obj
 0001:00007690       ?getNeg@AABBTreeBuildNode@Gu@physx@@QEBAPEBV123@XZ 0000000180008690 f i BVHStructureBuilder.obj
 0001:000076b0       ?getPrimitives@AABBTreeBuildNode@Gu@physx@@QEAAPEAIPEAI@Z 00000001800086b0 f i BVHStructureBuilder.obj
 0001:000076b0       ?getPrimitives@AABBTreeBuildNode@Gu@physx@@QEBAPEBIPEBI@Z 00000001800086b0 f i BVHStructureBuilder.obj
 0001:000076c0       ?increaseCount@BuildStats@Gu@physx@@QEAAXI@Z 00000001800086c0 f i BVHStructureBuilder.obj
 0001:000076d0       ?isLeaf@AABBTreeBuildNode@Gu@physx@@QEBA_NXZ 00000001800086d0 f i BVHStructureBuilder.obj
 0001:000076e0       ?loadFromDesc@BVHStructureBuilder@physx@@QEAA_NAEBVPxBVHStructureDesc@2@@Z 00000001800086e0 f   BVHStructureBuilder.obj
 0001:000079f0       ?moveData@BVHStructureBuilder@physx@@QEAAXAEAUBVHStructureData@Gu@2@@Z 00000001800089f0 f   BVHStructureBuilder.obj
 0001:00007a30       ?recreate@?$Array@USlab@NodeAllocator@Gu@physx@@V?$ReflectionAllocator@USlab@NodeAllocator@Gu@physx@@@shdfnd@4@@shdfnd@physx@@IEAAXI@Z 0000000180008a30 f i BVHStructureBuilder.obj
 0001:00007ae0       ?reset@BuildStats@Gu@physx@@QEAAXXZ 0000000180008ae0 f i BVHStructureBuilder.obj
 0001:00007af0       ?save@BVHStructureBuilder@physx@@QEBA_NAEAVPxOutputStream@2@_N@Z 0000000180008af0 f   BVHStructureBuilder.obj
 0001:00007c70       ?setCount@BuildStats@Gu@physx@@QEAAXI@Z 0000000180008c70 f i BVHStructureBuilder.obj
 0001:00007c80       ?setNbRunTimePrimitives@AABBTreeBuildNode@Gu@physx@@QEAAXI@Z 0000000180008c80 f i BVHStructureBuilder.obj
 0001:00007c90       ?saveHeightField@physx@@YA_NAEBVHeightField@Gu@1@AEAVPxOutputStream@1@_N@Z 0000000180008c90 f   HeightFieldCooking.obj
 0001:00007ed0       ??$quickSelectFirstK@UBoundsLTE@physx@@@quickSelect@physx@@YAXPEIAIIIIAEBUBoundsLTE@1@@Z 0000000180008ed0 f i RTreeCooking.obj
 0001:000080a0       ??$smallSort@I$$CBUSortBoundsPredicate@physx@@@internal@shdfnd@physx@@YAXPEAIHHAEBUSortBoundsPredicate@2@@Z 00000001800090a0 f i RTreeCooking.obj
 0001:00008300       ??$sort@IU?$Less@I@shdfnd@physx@@V?$ReflectionAllocator@I@23@@shdfnd@physx@@YAXPEAIIAEBU?$Less@I@01@AEBV?$ReflectionAllocator@I@01@I@Z 0000000180009300 f i RTreeCooking.obj
 0001:000086e0       ??$sort@IUSortBoundsPredicate@physx@@V?$ReflectionAllocator@I@shdfnd@2@@shdfnd@physx@@YAXPEAIIAEBUSortBoundsPredicate@1@AEBV?$ReflectionAllocator@I@01@I@Z 00000001800096e0 f i RTreeCooking.obj
 0001:00008b40       ?allocate@?$Array@UInterval@physx@@V?$InlineAllocator@$0CAAA@V?$ReflectionAllocator@UInterval@physx@@@shdfnd@physx@@@shdfnd@2@@shdfnd@physx@@IEAAPEAUInterval@3@I@Z 0000000180009b40 f i RTreeCooking.obj
 0001:00008c00       ?allocate@?$Array@UPxBounds3V@physx@@V?$ReflectionAllocator@UPxBounds3V@physx@@@shdfnd@2@@shdfnd@physx@@IEAAPEAUPxBounds3V@3@I@Z 0000000180009c00 f i RTreeCooking.obj
 0001:00008ca0       ?allocate@?$Array@URTreeNodeNQ@physx@@V?$ReflectionAllocator@URTreeNodeNQ@physx@@@shdfnd@2@@shdfnd@physx@@IEAAPEAURTreeNodeNQ@3@I@Z 0000000180009ca0 f i RTreeCooking.obj
 0001:00008d40       ?allocate@?$Array@URTreeNodeQ@Gu@physx@@V?$ReflectionAllocator@URTreeNodeQ@Gu@physx@@@shdfnd@3@@shdfnd@physx@@IEAAPEAURTreeNodeQ@Gu@3@I@Z 0000000180009d40 f i RTreeCooking.obj
 0001:00008de0       ?allocate@?$Array@VPxVec3@physx@@V?$ReflectionAllocator@VPxVec3@physx@@@shdfnd@2@@shdfnd@physx@@IEAAPEAVPxVec3@3@I@Z 0000000180009de0 f i RTreeCooking.obj
 0001:00008e90       ?allocate@?$ReflectionAllocator@I@shdfnd@physx@@QEAAPEAX_KPEBDH@Z 0000000180009e90 f i RTreeCooking.obj
 0001:00009bd0       ?buildFromTriangles@RTreeCooker@physx@@SAXAEAURTree@Gu@2@PEBVPxVec3@2@IPEBGPEBIIAEAV?$Array@IV?$ReflectionAllocator@I@shdfnd@physx@@@shdfnd@2@PEAURemapCallback@12@MW4Enum@PxMeshCookingHint@2@@Z 000000018000abd0 f   RTreeCooking.obj
 0001:00009e90       ?copy@?$Array@VPxVec3@physx@@V?$ReflectionAllocator@VPxVec3@physx@@@shdfnd@2@@shdfnd@physx@@KAXPEAVPxVec3@3@0PEBV43@@Z 000000018000ae90 f i RTreeCooking.obj
 0001:00009f50       ?growAndPushBack@?$Array@IV?$ReflectionAllocator@I@shdfnd@physx@@@shdfnd@physx@@IEAAAEAIAEBI@Z 000000018000af50 f i RTreeCooking.obj
 0001:0000a020       ?growAndPushBack@?$Array@UInterval@physx@@V?$InlineAllocator@$0CAAA@V?$ReflectionAllocator@UInterval@physx@@@shdfnd@physx@@@shdfnd@2@@shdfnd@physx@@IEAAAEAUInterval@3@AEBU43@@Z 000000018000b020 f i RTreeCooking.obj
 0001:0000a100       ?growAndPushBack@?$Array@UPxBounds3V@physx@@V?$ReflectionAllocator@UPxBounds3V@physx@@@shdfnd@2@@shdfnd@physx@@IEAAAEAUPxBounds3V@3@AEBU43@@Z 000000018000b100 f i RTreeCooking.obj
 0001:0000a1e0       ?growAndPushBack@?$Array@URTreeNodeNQ@physx@@V?$ReflectionAllocator@URTreeNodeNQ@physx@@@shdfnd@2@@shdfnd@physx@@IEAAAEAURTreeNodeNQ@3@AEBU43@@Z 000000018000b1e0 f i RTreeCooking.obj
 0001:0000a2d0       ?growAndPushBack@?$Array@URTreeNodeQ@Gu@physx@@V?$ReflectionAllocator@URTreeNodeQ@Gu@physx@@@shdfnd@3@@shdfnd@physx@@IEAAAEAURTreeNodeQ@Gu@3@AEBU453@@Z 000000018000b2d0 f i RTreeCooking.obj
 0001:0000a3c0       ?recreate@?$Array@IV?$ReflectionAllocator@I@shdfnd@physx@@@shdfnd@physx@@IEAAXI@Z 000000018000b3c0 f i RTreeCooking.obj
 0001:0000a480       ?recreate@?$Array@UPxBounds3V@physx@@V?$ReflectionAllocator@UPxBounds3V@physx@@@shdfnd@2@@shdfnd@physx@@IEAAXI@Z 000000018000b480 f i RTreeCooking.obj
 0001:0000a530       ?recreate@?$Array@URTreeNodeNQ@physx@@V?$ReflectionAllocator@URTreeNodeNQ@physx@@@shdfnd@2@@shdfnd@physx@@IEAAXI@Z 000000018000b530 f i RTreeCooking.obj
 0001:0000a5b0       ?recreate@?$Array@URTreeNodeQ@Gu@physx@@V?$ReflectionAllocator@URTreeNodeQ@Gu@physx@@@shdfnd@3@@shdfnd@physx@@IEAAXI@Z 000000018000b5b0 f i RTreeCooking.obj
 0001:0000a670       ?recreate@?$Array@VPxVec3@physx@@V?$ReflectionAllocator@VPxVec3@physx@@@shdfnd@2@@shdfnd@physx@@IEAAXI@Z 000000018000b670 f i RTreeCooking.obj
 0001:0000a6f0       ?resize@?$Array@IV?$ReflectionAllocator@I@shdfnd@physx@@@shdfnd@physx@@QEAAXIAEBI@Z 000000018000b6f0 f i RTreeCooking.obj
 0001:0000a7b0       ?resizeUninitialized@?$Array@URTreeNodeNQ@physx@@V?$ReflectionAllocator@URTreeNodeNQ@physx@@@shdfnd@2@@shdfnd@physx@@QEAAXI@Z 000000018000b7b0 f i RTreeCooking.obj
 0001:0000a7f0       ?sort4@SubSortQuick@physx@@QEAAXPEIAIIAEAV?$Array@URTreeNodeNQ@physx@@V?$ReflectionAllocator@URTreeNodeNQ@physx@@@shdfnd@2@@shdfnd@2@AEAIAEAUPxBounds3V@2@I@Z 000000018000b7f0 f i RTreeCooking.obj
 0001:0000ab90       ?sort4@SubSortSAH@physx@@QEAAXPEAIIAEAV?$Array@URTreeNodeNQ@physx@@V?$ReflectionAllocator@URTreeNodeNQ@physx@@@shdfnd@2@@shdfnd@2@AEAIIPEAURTreeNodeNQ@2@@Z 000000018000bb90 f i RTreeCooking.obj
 0001:0000b4d0       ?split@SubSortSAH@physx@@QEAAIPEAII@Z 000000018000c4d0 f i RTreeCooking.obj
 0001:0000bfb0       ?computeLocalBounds@MeshBulider@physx@@IEAAXAEAVMeshDataBase@Gu@2@@Z 000000018000cfb0 f   MeshBuilder.obj
 0001:0000c040       ??$?_UG@@YAPEAX_KV?$ReflectionAllocator@G@shdfnd@physx@@PEBDH@Z 000000018000d040 f i TriangleMeshBuilder.obj
 0001:0000c0e0       ??$median3@UEdgeTriLookup@physx@@$$CBU?$Less@UEdgeTriLookup@physx@@@shdfnd@2@@internal@shdfnd@physx@@YAXPEAUEdgeTriLookup@2@HHAEBU?$Less@UEdgeTriLookup@physx@@@12@@Z 000000018000d0e0 f i TriangleMeshBuilder.obj
 0001:0000c230       ??$sort@UEdgeTriLookup@physx@@U?$Less@UEdgeTriLookup@physx@@@shdfnd@2@V?$ReflectionAllocator@UEdgeTriLookup@physx@@@42@@shdfnd@physx@@YAXPEAUEdgeTriLookup@1@IAEBU?$Less@UEdgeTriLookup@physx@@@01@AEBV?$ReflectionAllocator@UEdgeTriLookup@physx@@@01@I@Z 000000018000d230 f i TriangleMeshBuilder.obj
 0001:0000c6d0       ??0BV4TriangleMeshBuilder@physx@@QEAA@AEBUPxCookingParams@1@@Z 000000018000d6d0 f   TriangleMeshBuilder.obj
 0001:0000c7a0       ??0RTreeTriangleMeshBuilder@physx@@QEAA@AEBUPxCookingParams@1@@Z 000000018000d7a0 f   TriangleMeshBuilder.obj
 0001:0000c860       ??1BV4TriangleMeshBuilder@physx@@UEAA@XZ 000000018000d860 f   TriangleMeshBuilder.obj
 0001:0000c8c0       ??1MeshDataBase@Gu@physx@@UEAA@XZ 000000018000d8c0 f i TriangleMeshBuilder.obj
 0001:0000c9b0       ??1RTreeTriangleData@Gu@physx@@UEAA@XZ 000000018000d9b0 f i TriangleMeshBuilder.obj
 0001:0000ca20       ??1RTreeTriangleMeshBuilder@physx@@UEAA@XZ 000000018000da20 f   TriangleMeshBuilder.obj
 0001:0000ca50       ??1TriangleMeshBuilder@physx@@UEAA@XZ 000000018000da50 f   TriangleMeshBuilder.obj
 0001:0000cac0       ??1TriangleMeshData@Gu@physx@@UEAA@XZ 000000018000dac0 f i TriangleMeshBuilder.obj
 0001:0000cb90       ??_EBV4TriangleData@Gu@physx@@UEAAPEAXI@Z 000000018000db90 f i TriangleMeshBuilder.obj
 0001:0000cb90       ??_GBV4TriangleData@Gu@physx@@UEAAPEAXI@Z 000000018000db90 f i TriangleMeshBuilder.obj
 0001:0000cc20       ??_EBV4TriangleMeshBuilder@physx@@UEAAPEAXI@Z 000000018000dc20 f i TriangleMeshBuilder.obj
 0001:0000cc20       ??_GBV4TriangleMeshBuilder@physx@@UEAAPEAXI@Z 000000018000dc20 f i TriangleMeshBuilder.obj
 0001:0000cca0       ??_EMeshDataBase@Gu@physx@@UEAAPEAXI@Z 000000018000dca0 f i TriangleMeshBuilder.obj
 0001:0000cca0       ??_GMeshDataBase@Gu@physx@@UEAAPEAXI@Z 000000018000dca0 f i TriangleMeshBuilder.obj
 0001:0000cd10       ??_ERTreeCookerRemap@physx@@UEAAPEAXI@Z 000000018000dd10 f i TriangleMeshBuilder.obj
 0001:0000cd10       ??_GRTreeCookerRemap@physx@@UEAAPEAXI@Z 000000018000dd10 f i TriangleMeshBuilder.obj
 0001:0000cd40       ??_ERTreeTriangleData@Gu@physx@@UEAAPEAXI@Z 000000018000dd40 f i TriangleMeshBuilder.obj
 0001:0000cd40       ??_GRTreeTriangleData@Gu@physx@@UEAAPEAXI@Z 000000018000dd40 f i TriangleMeshBuilder.obj
 0001:0000cdb0       ??_ERTreeTriangleMeshBuilder@physx@@UEAAPEAXI@Z 000000018000ddb0 f i TriangleMeshBuilder.obj
 0001:0000cdb0       ??_GRTreeTriangleMeshBuilder@physx@@UEAAPEAXI@Z 000000018000ddb0 f i TriangleMeshBuilder.obj
 0001:0000ce00       ??_ERemapCallback@RTreeCooker@physx@@UEAAPEAXI@Z 000000018000de00 f i TriangleMeshBuilder.obj
 0001:0000ce00       ??_GRemapCallback@RTreeCooker@physx@@UEAAPEAXI@Z 000000018000de00 f i TriangleMeshBuilder.obj
 0001:0000ce30       ??_ETriangleMeshBuilder@physx@@UEAAPEAXI@Z 000000018000de30 f i TriangleMeshBuilder.obj
 0001:0000ce30       ??_GTriangleMeshBuilder@physx@@UEAAPEAXI@Z 000000018000de30 f i TriangleMeshBuilder.obj
 0001:0000ce70       ??_ETriangleMeshData@Gu@physx@@UEAAPEAXI@Z 000000018000de70 f i TriangleMeshBuilder.obj
 0001:0000ce70       ??_GTriangleMeshData@Gu@physx@@UEAAPEAXI@Z 000000018000de70 f i TriangleMeshBuilder.obj
 0001:0000cee0       ?allocateTriangles@TriangleMeshData@Gu@physx@@QEAAPEAXI_NI@Z 000000018000dee0 f i TriangleMeshBuilder.obj
 0001:0000cfc0       ?allocateVertices@MeshDataBase@Gu@physx@@QEAAPEAVPxVec3@3@I@Z 000000018000dfc0 f i TriangleMeshBuilder.obj
 0001:0000d510       ?checkMeshIndicesSize@TriangleMeshBuilder@physx@@QEAAXXZ 000000018000e510 f   TriangleMeshBuilder.obj
 0001:0000d820       ?cleanMesh@TriangleMeshBuilder@physx@@QEAA_N_NPEAW4Enum@PxTriangleMeshCookingResult@2@@Z 000000018000e820 f   TriangleMeshBuilder.obj
 0001:0000dcf0       ?createGRBMidPhaseAndData@TriangleMeshBuilder@physx@@QEAAXI@Z 000000018000ecf0 f   TriangleMeshBuilder.obj
 0001:0000e090       ?createMidPhaseStructure@BV4TriangleMeshBuilder@physx@@UEAAXXZ 000000018000f090 f   TriangleMeshBuilder.obj
 0001:0000e310       ?createMidPhaseStructure@RTreeTriangleMeshBuilder@physx@@UEAAXXZ 000000018000f310 f   TriangleMeshBuilder.obj
 0001:0000e3f0       ?createSharedEdgeData@TriangleMeshBuilder@physx@@QEAAX_N0@Z 000000018000f3f0 f   TriangleMeshBuilder.obj
 0001:0000ea50       ?getMidphaseID@BV4TriangleMeshBuilder@physx@@UEBA?AW4Enum@PxMeshMidPhase@2@XZ 000000018000fa50 f i TriangleMeshBuilder.obj
 0001:0000ea50       _get_startup_argv_mode     000000018000fa50 f i MSVCRT:argv_mode.obj
 0001:0000ea60       ?getMidphaseID@RTreeTriangleMeshBuilder@physx@@UEBA?AW4Enum@PxMeshMidPhase@2@XZ 000000018000fa60 f i TriangleMeshBuilder.obj
 0001:0000ea60       __scrt_stub_for_is_c_termination_complete 000000018000fa60 f i MSVCRT:ucrt_stubs.obj
 0001:0000ea60       _is_c_termination_complete 000000018000fa60 f i MSVCRT:ucrt_stubs.obj
 0001:0000ea70       ?importMesh@TriangleMeshBuilder@physx@@IEAA_NAEBVPxTriangleMeshDesc@2@AEBUPxCookingParams@2@PEAW4Enum@PxTriangleMeshCookingResult@2@_N@Z 000000018000fa70 f   TriangleMeshBuilder.obj
 0001:0000ed20       ?loadFromDesc@TriangleMeshBuilder@physx@@QEAA_NAEBVPxTriangleMeshDesc@2@PEAW4Enum@PxTriangleMeshCookingResult@2@_N@Z 000000018000fd20 f   TriangleMeshBuilder.obj
 0001:0000f110       ?onMeshIndexFormatChange@BV4TriangleMeshBuilder@physx@@UEAAXXZ 0000000180010110 f   TriangleMeshBuilder.obj
 0001:0000f150       ?remap@RTreeCookerRemap@physx@@UEAAXPEAIII@Z 0000000180010150 f i TriangleMeshBuilder.obj
 0001:0000f170       ?remapTopology@TriangleMeshBuilder@physx@@QEAAXPEBI@Z 0000000180010170 f   TriangleMeshBuilder.obj
 0001:0000f3c0       ?save@TriangleMeshBuilder@physx@@QEBA_NAEAVPxOutputStream@2@_NAEBUPxCookingParams@2@@Z 00000001800103c0 f   TriangleMeshBuilder.obj
 0001:0000f990       ?saveMidPhaseStructure@BV4TriangleMeshBuilder@physx@@UEBAXAEAVPxOutputStream@2@_N@Z 0000000180010990 f   TriangleMeshBuilder.obj
 0001:0000fb30       ?saveMidPhaseStructure@RTreeTriangleMeshBuilder@physx@@UEBAXAEAVPxOutputStream@2@_N@Z 0000000180010b30 f   TriangleMeshBuilder.obj
 0001:0000fd70       ??0BigConvexDataBuilder@physx@@QEAA@PEBUConvexHullData@Gu@1@PEAVBigConvexData@1@PEBVPxVec3@1@@Z 0000000180010d70 f   BigConvexDataBuilder.obj
 0001:0000fd80       ??4BigConvexData@physx@@QEAAAEAV01@AEBV01@@Z 0000000180010d80 f i BigConvexDataBuilder.obj
 0001:0000fda0       ?GetAdjacentVerts@BigConvexData@physx@@QEBAPEBEXZ 0000000180010da0 f i BigConvexDataBuilder.obj
 0001:0000fdb0       ?GetNbNeighbors@BigConvexData@physx@@QEBAGI@Z 0000000180010db0 f i BigConvexDataBuilder.obj
 0001:0000fdb0       ?GetValency@BigConvexData@physx@@QEBAGI@Z 0000000180010db0 f i BigConvexDataBuilder.obj
 0001:0000fdc0       ?GetNbSamples@BigConvexData@physx@@QEBAIXZ 0000000180010dc0 f i BigConvexDataBuilder.obj
 0001:0000fdd0       ?GetNbVerts@BigConvexData@physx@@QEBAIXZ 0000000180010dd0 f i BigConvexDataBuilder.obj
 0001:0000fde0       ?GetNeighbors@BigConvexData@physx@@QEBAPEBEI@Z 0000000180010de0 f i BigConvexDataBuilder.obj
 0001:0000fdf0       ?GetOffset@BigConvexData@physx@@QEBAGI@Z 0000000180010df0 f i BigConvexDataBuilder.obj
 0001:0000fe00       ?GetSubdiv@BigConvexData@physx@@QEBAIXZ 0000000180010e00 f i BigConvexDataBuilder.obj
 0001:0000fe10       ?computeValencies@BigConvexDataBuilder@physx@@QEAA_NAEBVConvexHullBuilder@2@@Z 0000000180010e10 f   BigConvexDataBuilder.obj
 0001:000101d0       ?precompute@BigConvexDataBuilder@physx@@QEAA_NI@Z 00000001800111d0 f   BigConvexDataBuilder.obj
 0001:00010e00       ?save@BigConvexDataBuilder@physx@@QEBA_NAEAVPxOutputStream@2@_N@Z 0000000180011e00 f   BigConvexDataBuilder.obj
 0001:00010ee0       ?saveValencies@BigConvexDataBuilder@physx@@QEBA_NAEAVPxOutputStream@2@_N@Z 0000000180011ee0 f   BigConvexDataBuilder.obj
 0001:00011090       ??$?_UE@@YAPEAX_KV?$ReflectionAllocator@E@shdfnd@physx@@PEBDH@Z 0000000180012090 f i ConvexHullBuilder.obj
 0001:00011130       ??0ConvexHullBuilder@physx@@QEAA@PEAUConvexHullData@Gu@1@_N@Z 0000000180012130 f   ConvexHullBuilder.obj
 0001:00011160       ??1ConvexHullBuilder@physx@@QEAA@XZ 0000000180012160 f   ConvexHullBuilder.obj
 0001:00011270       ?calculateVertexMapTable@ConvexHullBuilder@physx@@QEAA_NI_N@Z 0000000180012270 f   ConvexHullBuilder.obj
 0001:00011430       ?checkHullPolygons@ConvexHullBuilder@physx@@QEBA_NXZ 0000000180012430 f   ConvexHullBuilder.obj
 0001:00011c30       ?computeGeomCenter@ConvexHullBuilder@physx@@IEBA_NAEAVPxVec3@2@IPEAUHullTriangleData@2@@Z 0000000180012c30 f   ConvexHullBuilder.obj
 0001:00011ee0       ?copy@ConvexHullBuilder@physx@@QEAA_NAEAUConvexHullData@Gu@2@AEAI@Z 0000000180012ee0 f   ConvexHullBuilder.obj
 0001:00012160       ?createEdgeList@ConvexHullBuilder@physx@@QEAA_N_NI@Z 0000000180013160 f   ConvexHullBuilder.obj
 0001:00012950       ?init@ConvexHullBuilder@physx@@QEAA_NIPEBVPxVec3@2@PEBIIIPEBUPxHullPolygon@2@_NPEAVConvexHullLib@2@@Z 0000000180013950 f   ConvexHullBuilder.obj
 0001:00012d60       ?save@ConvexHullBuilder@physx@@QEBA_NAEAVPxOutputStream@2@_N@Z 0000000180013d60 f   ConvexHullBuilder.obj
 0001:000130a0       ??1ConvexHullLib@physx@@UEAA@XZ 00000001800140a0 f   ConvexHullLib.obj
 0001:00013100       ??_EConvexHullLib@physx@@UEAAPEAXI@Z 0000000180014100 f i ConvexHullLib.obj
 0001:00013100       ??_GConvexHullLib@physx@@UEAAPEAXI@Z 0000000180014100 f i ConvexHullLib.obj
 0001:00013580       ?cleanupVertices@ConvexHullLib@physx@@IEAA_NIPEBVPxVec3@2@IAEAIPEAV32@AEAV32@3@Z 0000000180014580 f   ConvexHullLib.obj
 0001:00013a00       ?shiftAndcleanupVertices@ConvexHullLib@physx@@IEAA_NIPEBVPxVec3@2@IAEAIPEAV32@AEAV32@3@Z 0000000180014a00 f   ConvexHullLib.obj
 0001:00013eb0       ?shiftConvexMeshDesc@ConvexHullLib@physx@@IEAAXAEAVPxConvexMeshDesc@2@@Z 0000000180014eb0 f   ConvexHullLib.obj
 0001:00013f70       ?swapLargestFace@ConvexHullLib@physx@@IEAAXAEAVPxConvexMeshDesc@2@@Z 0000000180014f70 f   ConvexHullLib.obj
 0001:00014160       ??0Box@Gu@physx@@QEAA@AEBV012@@Z 0000000180015160 f i ConvexHullUtils.obj
 0001:00014160       ??4Box@Gu@physx@@QEAAAEBV012@AEBV012@@Z 0000000180015160 f i ConvexHullUtils.obj
 0001:000141c0       ??0Box@Gu@physx@@QEAA@AEBVPxVec3@2@0AEBVPxMat33@2@@Z 00000001800151c0 f i ConvexHullUtils.obj
 0001:00014230       ??0ConvexHull@physx@@QEAA@AEBVPxVec3@1@AEBVPxTransform@1@AEBV?$Array@VPxPlane@physx@@V?$ReflectionAllocator@VPxPlane@physx@@@shdfnd@2@@shdfnd@1@@Z 0000000180015230 f   ConvexHullUtils.obj
 0001:000153e0       ??0PxQuat@physx@@QEAA@AEBVPxMat33@1@@Z 00000001800163e0 f i ConvexHullUtils.obj
 0001:000155d0       ?allocate@?$Array@VHalfEdge@ConvexHull@physx@@V?$ReflectionAllocator@VHalfEdge@ConvexHull@physx@@@shdfnd@3@@shdfnd@physx@@IEAAPEAVHalfEdge@ConvexHull@3@I@Z 00000001800165d0 f i ConvexHullUtils.obj
 0001:00015670       ?allocate@?$Array@VPxPlane@physx@@V?$ReflectionAllocator@VPxPlane@physx@@@shdfnd@2@@shdfnd@physx@@IEAAPEAVPxPlane@3@I@Z 0000000180016670 f i ConvexHullUtils.obj
 0001:00015710       ?assertIntact@ConvexHull@physx@@QEBA_NM@Z 0000000180016710 f   ConvexHullUtils.obj
 0001:00015a20       ?computeAABBExtent@Box@Gu@physx@@QEBA?AVPxVec3@3@XZ 0000000180016a20 f i ConvexHullUtils.obj
 0001:00015ae0       ?computeBoxPoints@Box@Gu@physx@@QEBAXPEIAVPxVec3@3@@Z 0000000180016ae0 f i ConvexHullUtils.obj
 0001:00015b20       ?computeOBBFromConvex@physx@@YA_NAEBVPxConvexMeshDesc@1@AEAVPxVec3@1@AEAVPxTransform@1@@Z 0000000180016b20 f   ConvexHullUtils.obj
 0001:00016260       ?computeOBBSIMD@local@@YAXIPEBT__m128@@AEAT2@AEBT2@1@Z 0000000180017260 f   ConvexHullUtils.obj
 0001:00016640       ?convexHullCrop@physx@@YAPEAVConvexHull@1@AEBV21@AEBVPxPlane@1@M@Z 0000000180017640 f   ConvexHullUtils.obj
 0001:00017430       ?copy@?$Array@VPxPlane@physx@@V?$ReflectionAllocator@VPxPlane@physx@@@shdfnd@2@@shdfnd@physx@@KAXPEAVPxPlane@3@0PEBV43@@Z 0000000180018430 f i ConvexHullUtils.obj
 0001:00017520       ?findCandidatePlane@ConvexHull@physx@@QEBAHMM@Z 0000000180018520 f   ConvexHullUtils.obj
 0001:00017970       ?getInverse@PxMat33@physx@@QEBA?BV12@XZ 0000000180018970 f i ConvexHullUtils.obj
 0001:00017bb0       ?getTransform@Box@Gu@physx@@QEBA?AVPxTransform@3@XZ 0000000180018bb0 f i ConvexHullUtils.obj
 0001:00017c10       ?growAndPushBack@?$Array@VHalfEdge@ConvexHull@physx@@V?$ReflectionAllocator@VHalfEdge@ConvexHull@physx@@@shdfnd@3@@shdfnd@physx@@IEAAAEAVHalfEdge@ConvexHull@3@AEBV453@@Z 0000000180018c10 f i ConvexHullUtils.obj
 0001:00017cd0       ?growAndPushBack@?$Array@VPxPlane@physx@@V?$ReflectionAllocator@VPxPlane@physx@@@shdfnd@2@@shdfnd@physx@@IEAAAEAVPxPlane@3@AEBV43@@Z 0000000180018cd0 f i ConvexHullUtils.obj
 0001:00017da0       ?isValid@Box@Gu@physx@@QEBA_NXZ 0000000180018da0 f i ConvexHullUtils.obj
 0001:00017dc0       ?maxNumVertsPerFace@ConvexHull@physx@@QEBAIXZ 0000000180018dc0 f   ConvexHullUtils.obj
 0001:00017e60       ?recreate@?$Array@VHalfEdge@ConvexHull@physx@@V?$ReflectionAllocator@VHalfEdge@ConvexHull@physx@@@shdfnd@3@@shdfnd@physx@@IEAAXI@Z 0000000180018e60 f i ConvexHullUtils.obj
 0001:00017f00       ?recreate@?$Array@VPxPlane@physx@@V?$ReflectionAllocator@VPxPlane@physx@@@shdfnd@2@@shdfnd@physx@@IEAAXI@Z 0000000180018f00 f i ConvexHullUtils.obj
 0001:00017f80       ?resize@?$Array@VHalfEdge@ConvexHull@physx@@V?$ReflectionAllocator@VHalfEdge@ConvexHull@physx@@@shdfnd@3@@shdfnd@physx@@QEAAXIAEBVHalfEdge@ConvexHull@3@@Z 0000000180018f80 f i ConvexHullUtils.obj
 0001:00018040       ?resize@?$Array@VPxPlane@physx@@V?$ReflectionAllocator@VPxPlane@physx@@@shdfnd@2@@shdfnd@physx@@QEAAXIAEBVPxPlane@3@@Z 0000000180019040 f i ConvexHullUtils.obj
 0001:00018150       ?resize@?$Array@VPxVec3@physx@@V?$ReflectionAllocator@VPxVec3@physx@@@shdfnd@2@@shdfnd@physx@@QEAAXIAEBVPxVec3@3@@Z 0000000180019150 f i ConvexHullUtils.obj
 0001:00018240       ?rotate@Box@Gu@physx@@QEBA?AVPxVec3@3@AEBV43@@Z 0000000180019240 f i ConvexHullUtils.obj
 0001:000182d0       ?rotateInv@Box@Gu@physx@@QEBA?AVPxVec3@3@AEBV43@@Z 00000001800192d0 f i ConvexHullUtils.obj
 0001:00018360       ?setAxes@Box@Gu@physx@@QEAAXAEBVPxVec3@3@00@Z 0000000180019360 f i ConvexHullUtils.obj
 0001:000183a0       ?setEmpty@Box@Gu@physx@@QEAAXXZ 00000001800193a0 f i ConvexHullUtils.obj
 0001:000183e0       ?transform@Box@Gu@physx@@QEBA?AVPxVec3@3@AEBV43@@Z 00000001800193e0 f i ConvexHullUtils.obj
 0001:00018480       ??0ConvexMeshBuilder@physx@@QEAA@_N@Z 0000000180019480 f   ConvexMeshBuilder.obj
 0001:000184e0       ??1ConvexMeshBuilder@physx@@QEAA@XZ 00000001800194e0 f   ConvexMeshBuilder.obj
 0001:00018930       ?build@ConvexMeshBuilder@physx@@QEAA_NAEBVPxConvexMeshDesc@2@I_NPEAVConvexHullLib@2@@Z 0000000180019930 f   ConvexMeshBuilder.obj
 0001:00018c50       ?computeHullPolygons@ConvexMeshBuilder@physx@@QEAA_NAEBIPEBVPxVec3@2@0PEBIAEAVPxAllocatorCallback@2@AEAIAEAPEAV32@4AEAPEAI4AEAPEAUPxHullPolygon@2@@Z 0000000180019c50 f   ConvexMeshBuilder.obj
 0001:00018e90       ?computeMassInfo@ConvexMeshBuilder@physx@@QEAAX_N@Z 0000000180019e90 f   ConvexMeshBuilder.obj
 0001:000192f0       ?copy@ConvexMeshBuilder@physx@@QEAA_NAEAUConvexHullInitData@Gu@2@@Z 000000018001a2f0 f   ConvexMeshBuilder.obj
 0001:00019410       ?isFinite@PxVec3@physx@@QEBA_NXZ 000000018001a410 f i ConvexMeshBuilder.obj
 0001:00019470       ?loadConvexHull@ConvexMeshBuilder@physx@@QEAA_NAEBVPxConvexMeshDesc@2@PEAVConvexHullLib@2@@Z 000000018001a470 f   ConvexMeshBuilder.obj
 0001:000196f0       ?save@ConvexMeshBuilder@physx@@QEBA_NAEAVPxOutputStream@2@_N@Z 000000018001a6f0 f   ConvexMeshBuilder.obj
 0001:00019900       ??$?_UUHullTriangleData@physx@@@@YAPEAX_KV?$ReflectionAllocator@UHullTriangleData@physx@@@shdfnd@physx@@PEBDH@Z 000000018001a900 f i ConvexPolygonsBuilder.obj
 0001:000199a0       ??$copy@V?$ReflectionAllocator@VPair@@@shdfnd@physx@@@?$Array@VPair@@V?$ReflectionAllocator@VPair@@@shdfnd@physx@@@shdfnd@physx@@IEAAXAEBV012@@Z 000000018001a9a0 f i ConvexPolygonsBuilder.obj
 0001:00019a20       ??0ConvexPolygonsBuilder@physx@@QEAA@PEAUConvexHullData@Gu@1@_N@Z 000000018001aa20 f   ConvexPolygonsBuilder.obj
 0001:00019a40       ??1ConvexPolygonsBuilder@physx@@QEAA@XZ 000000018001aa40 f   ConvexPolygonsBuilder.obj
 0001:0001a280       ?allocate@?$Array@VPair@@V?$ReflectionAllocator@VPair@@@shdfnd@physx@@@shdfnd@physx@@IEAAPEAVPair@@I@Z 000000018001b280 f i ConvexPolygonsBuilder.obj
 0001:0001aae0       ?computeHullPolygons@ConvexPolygonsBuilder@physx@@QEAA_NAEBIPEBVPxVec3@2@0PEBI@Z 000000018001bae0 f   ConvexPolygonsBuilder.obj
 0001:0001c110       ?createPolygonData@ConvexPolygonsBuilder@physx@@AEAA_NXZ 000000018001d110 f   ConvexPolygonsBuilder.obj
 0001:0001cae0       ?createTrianglesFromPolygons@ConvexPolygonsBuilder@physx@@AEAA_NXZ 000000018001dae0 f   ConvexPolygonsBuilder.obj
 0001:0001e0f0       ?growAndPushBack@?$Array@VPair@@V?$ReflectionAllocator@VPair@@@shdfnd@physx@@@shdfnd@physx@@IEAAAEAVPair@@AEBV4@@Z 000000018001f0f0 f i ConvexPolygonsBuilder.obj
 0001:0001e1c0       ??0QuickHull@local@@QEAA@AEBUPxCookingParams@physx@@AEBVPxConvexMeshDesc@3@@Z 000000018001f1c0 f   QuickHullConvexHullLib.obj
 0001:0001e270       ??0QuickHullConvexHullLib@physx@@QEAA@AEBVPxConvexMeshDesc@1@AEBUPxCookingParams@1@@Z 000000018001f270 f   QuickHullConvexHullLib.obj
 0001:0001e360       ??1?$MemBlock@UQuickHullFace@local@@$00@local@@QEAA@XZ 000000018001f360 f i QuickHullConvexHullLib.obj
 0001:0001e360       ??1?$MemBlock@UQuickHullHalfEdge@local@@$0A@@local@@QEAA@XZ 000000018001f360 f i QuickHullConvexHullLib.obj
 0001:0001e400       ??1QuickHull@local@@QEAA@XZ 000000018001f400 f   QuickHullConvexHullLib.obj
 0001:0001e560       ??_GConvexHull@physx@@QEAAPEAXI@Z 000000018001f560 f i QuickHullConvexHullLib.obj
 0001:0001e650       ??_EQuickHullConvexHullLib@physx@@UEAAPEAXI@Z 000000018001f650 f i QuickHullConvexHullLib.obj
 0001:0001e650       ??_GQuickHullConvexHullLib@physx@@UEAAPEAXI@Z 000000018001f650 f i QuickHullConvexHullLib.obj
 0001:0001e760       ?addPointToHull@QuickHull@local@@IEAA_NPEBUQuickHullVertex@2@AEAUQuickHullFace@2@AEA_N@Z 000000018001f760 f   QuickHullConvexHullLib.obj
 0001:0001ea30       ?addSimplex@QuickHull@local@@IEAAXPEAUQuickHullVertex@2@_N@Z 000000018001fa30 f   QuickHullConvexHullLib.obj
 0001:0001ef20       ?allocate@?$Array@PEAUQuickHullFace@local@@V?$ReflectionAllocator@PEAUQuickHullFace@local@@@shdfnd@physx@@@shdfnd@physx@@IEAAPEAPEAUQuickHullFace@local@@I@Z 000000018001ff20 f i QuickHullConvexHullLib.obj
 0001:0001efc0       ?allocate@?$Array@PEAUQuickHullHalfEdge@local@@V?$ReflectionAllocator@PEAUQuickHullHalfEdge@local@@@shdfnd@physx@@@shdfnd@physx@@IEAAPEAPEAUQuickHullHalfEdge@local@@I@Z 000000018001ffc0 f i QuickHullConvexHullLib.obj
 0001:0001f060       ?allocate@?$Array@PEAUQuickHullVertex@local@@V?$ReflectionAllocator@PEAUQuickHullVertex@local@@@shdfnd@physx@@@shdfnd@physx@@IEAAPEAPEAUQuickHullVertex@local@@I@Z 0000000180020060 f i QuickHullConvexHullLib.obj
 0001:0001f100       ?allocate@?$Array@UExpandPoint@local@@V?$ReflectionAllocator@UExpandPoint@local@@@shdfnd@physx@@@shdfnd@physx@@IEAAPEAUExpandPoint@local@@I@Z 0000000180020100 f i QuickHullConvexHullLib.obj
 0001:0001f1a0       ?buildHull@QuickHull@local@@QEAA?AW4Enum@QuickHullResult@2@XZ 00000001800201a0 f   QuickHullConvexHullLib.obj
 0001:0001f3c0       ?calculateHorizon@QuickHull@local@@IEAAXAEBVPxVec3@physx@@PEAUQuickHullHalfEdge@2@AEAUQuickHullFace@2@AEAV?$Array@PEAUQuickHullHalfEdge@local@@V?$ReflectionAllocator@PEAUQuickHullHalfEdge@local@@@shdfnd@physx@@@shdfnd@4@AEAV?$Array@PEAUQuickHullFace@local@@V?$ReflectionAllocator@PEAUQuickHullFace@local@@@shdfnd@physx@@@84@@Z 00000001800203c0 f   QuickHullConvexHullLib.obj
 0001:0001f570       ?canMergeFaces@QuickHull@local@@IEAA_NAEBUQuickHullHalfEdge@2@@Z 0000000180020570 f   QuickHullConvexHullLib.obj
 0001:0001fd90       ?cleanupForSimplex@QuickHullConvexHullLib@physx@@IEAA_NPEAVPxVec3@2@IPEAUQuickHullVertex@local@@1AEAM2@Z 0000000180020d90 f   QuickHullConvexHullLib.obj
 0001:00020cf0       ?computeMinMaxVerts@QuickHull@local@@IEAAXXZ 0000000180021cf0 f   QuickHullConvexHullLib.obj
 0001:000210d0       ?connectHalfEdges@QuickHullFace@local@@AEAAPEAU12@PEAUQuickHullHalfEdge@2@0@Z 00000001800220d0 f   QuickHullConvexHullLib.obj
 0001:00021440       ?copy@?$Array@UExpandPoint@local@@V?$ReflectionAllocator@UExpandPoint@local@@@shdfnd@physx@@@shdfnd@physx@@KAXPEAUExpandPoint@local@@0PEBU45@@Z 0000000180022440 f i QuickHullConvexHullLib.obj
 0001:00021690       ?createConvexHull@QuickHullConvexHullLib@physx@@UEAA?AW4Enum@PxConvexMeshCookingResult@2@XZ 0000000180022690 f   QuickHullConvexHullLib.obj
 0001:00021ab0       ?createEdgeList@QuickHullConvexHullLib@physx@@UEAA_NIPEBEPEAPEAEPEAPEAG2@Z 0000000180022ab0 f   QuickHullConvexHullLib.obj
 0001:00021d00       ?createTriangle@QuickHull@local@@IEAAPEAUQuickHullFace@2@AEBUQuickHullVertex@2@00@Z 0000000180022d00 f   QuickHullConvexHullLib.obj
 0001:000220d0       ?doAdjacentMerge@QuickHull@local@@IEAA_NAEAUQuickHullFace@2@_NAEA_N@Z 00000001800230d0 f   QuickHullConvexHullLib.obj
 0001:00022420       ?expandHull@QuickHullConvexHullLib@physx@@IEAA?AW4Enum@PxConvexMeshCookingResult@2@XZ 0000000180023420 f   QuickHullConvexHullLib.obj
 0001:00022d60       ?expandHullOBB@QuickHullConvexHullLib@physx@@IEAA?AW4Enum@PxConvexMeshCookingResult@2@XZ 0000000180023d60 f   QuickHullConvexHullLib.obj
 0001:000231a0       ?fillConvexMeshDesc@QuickHullConvexHullLib@physx@@UEAAXAEAVPxConvexMeshDesc@2@@Z 00000001800241a0 f   QuickHullConvexHullLib.obj
 0001:000231f0       ?fillConvexMeshDescFromCroppedHull@QuickHullConvexHullLib@physx@@IEAAXAEAVPxConvexMeshDesc@2@@Z 00000001800241f0 f   QuickHullConvexHullLib.obj
 0001:000233e0       ?fillConvexMeshDescFromQuickHull@QuickHullConvexHullLib@physx@@IEAAXAEAVPxConvexMeshDesc@2@@Z 00000001800243e0 f   QuickHullConvexHullLib.obj
 0001:00023760       ?findSimplex@QuickHull@local@@IEAA_NXZ 0000000180024760 f   QuickHullConvexHullLib.obj
 0001:000243a0       ?getFreeItem@?$MemBlock@UQuickHullFace@local@@$00@local@@QEAAPEAUQuickHullFace@2@XZ 00000001800253a0 f i QuickHullConvexHullLib.obj
 0001:000244e0       ?getFreeItem@?$MemBlock@UQuickHullHalfEdge@local@@$0A@@local@@QEAAPEAUQuickHullHalfEdge@2@XZ 00000001800254e0 f i QuickHullConvexHullLib.obj
 0001:000245b0       ?growAndPushBack@?$Array@PEAUQuickHullFace@local@@V?$ReflectionAllocator@PEAUQuickHullFace@local@@@shdfnd@physx@@@shdfnd@physx@@IEAAAEAPEAUQuickHullFace@local@@AEBQEAU45@@Z 00000001800255b0 f i QuickHullConvexHullLib.obj
 0001:00024680       ?growAndPushBack@?$Array@PEAUQuickHullHalfEdge@local@@V?$ReflectionAllocator@PEAUQuickHullHalfEdge@local@@@shdfnd@physx@@@shdfnd@physx@@IEAAAEAPEAUQuickHullHalfEdge@local@@AEBQEAU45@@Z 0000000180025680 f i QuickHullConvexHullLib.obj
 0001:00024750       ?growAndPushBack@?$Array@PEAUQuickHullVertex@local@@V?$ReflectionAllocator@PEAUQuickHullVertex@local@@@shdfnd@physx@@@shdfnd@physx@@IEAAAEAPEAUQuickHullVertex@local@@AEBQEAU45@@Z 0000000180025750 f i QuickHullConvexHullLib.obj
 0001:00024820       ?growAndPushBack@?$Array@UExpandPoint@local@@V?$ReflectionAllocator@UExpandPoint@local@@@shdfnd@physx@@@shdfnd@physx@@IEAAAEAUExpandPoint@local@@AEBU45@@Z 0000000180025820 f i QuickHullConvexHullLib.obj
 0001:00024940       ?init@?$MemBlock@UQuickHullFace@local@@$00@local@@QEAAXI@Z 0000000180025940 f i QuickHullConvexHullLib.obj
 0001:00024a30       ?init@?$MemBlock@UQuickHullHalfEdge@local@@$0A@@local@@QEAAXI@Z 0000000180025a30 f i QuickHullConvexHullLib.obj
 0001:00024ad0       ?mergeAdjacentFace@QuickHullFace@local@@QEAA_NPEAUQuickHullHalfEdge@2@AEAV?$Array@PEAUQuickHullFace@local@@V?$ReflectionAllocator@PEAUQuickHullFace@local@@@shdfnd@physx@@@shdfnd@physx@@@Z 0000000180025ad0 f   QuickHullConvexHullLib.obj
 0001:00024f20       ?nextPointToAdd@QuickHull@local@@IEAAPEAUQuickHullVertex@2@AEAPEAUQuickHullFace@2@@Z 0000000180025f20 f   QuickHullConvexHullLib.obj
 0001:000250a0       ?parseInputVertices@QuickHull@local@@QEAAXPEBVPxVec3@physx@@I@Z 00000001800260a0 f   QuickHullConvexHullLib.obj
 0001:00025220       ?postMergeHull@QuickHull@local@@IEAAXXZ 0000000180026220 f   QuickHullConvexHullLib.obj
 0001:00025480       ?preallocate@QuickHull@local@@QEAAXI@Z 0000000180026480 f   QuickHullConvexHullLib.obj
 0001:000255c0       ?recreate@?$Array@PEAUQuickHullFace@local@@V?$ReflectionAllocator@PEAUQuickHullFace@local@@@shdfnd@physx@@@shdfnd@physx@@IEAAXI@Z 00000001800265c0 f i QuickHullConvexHullLib.obj
 0001:00025660       ?recreate@?$Array@PEAUQuickHullHalfEdge@local@@V?$ReflectionAllocator@PEAUQuickHullHalfEdge@local@@@shdfnd@physx@@@shdfnd@physx@@IEAAXI@Z 0000000180026660 f i QuickHullConvexHullLib.obj
 0001:00025700       ?recreate@?$Array@PEAUQuickHullVertex@local@@V?$ReflectionAllocator@PEAUQuickHullVertex@local@@@shdfnd@physx@@@shdfnd@physx@@IEAAXI@Z 0000000180026700 f i QuickHullConvexHullLib.obj
 0001:000257a0       ?recreate@?$Array@UExpandPoint@local@@V?$ReflectionAllocator@UExpandPoint@local@@@shdfnd@physx@@@shdfnd@physx@@IEAAXI@Z 00000001800267a0 f i QuickHullConvexHullLib.obj
 0001:00025820       ?resolveUnclaimedPoints@QuickHull@local@@IEAAXAEBV?$Array@PEAUQuickHullFace@local@@V?$ReflectionAllocator@PEAUQuickHullFace@local@@@shdfnd@physx@@@shdfnd@physx@@@Z 0000000180026820 f   QuickHullConvexHullLib.obj
 0001:00026590       ?computeVolumeIntegralsEberly@physx@@YA_NAEBVPxConvexMeshDesc@1@MAEAUPxIntegrals@1@AEBVPxVec3@1@@Z 0000000180027590 f   VolumeIntegration.obj
 0001:000265d0       ?computeVolumeIntegralsEberlySIMD@physx@@YA_NAEBVPxConvexMeshDesc@1@MAEAUPxIntegrals@1@AEBVPxVec3@1@@Z 00000001800275d0 f   VolumeIntegration.obj
 0001:00026c30       ?cookingDelayHook@@YAP6A_JXZIPEAUDelayLoadInfo@@@Z 0000000180027c30 f   WindowsCookingDelayLoadHook.obj
 0001:00026d10       PxSetPhysXCookingDelayLoadHook 0000000180027d10 f   WindowsCookingDelayLoadHook.obj
 0001:00026d18       ??0RadixSortBuffered@Cm@physx@@QEAA@XZ 0000000180027d18 f   PhysXCommon_64:PhysXCommon_64.dll
 0001:00026d1e       __tailMerge_physxcommon_64_dll 0000000180027d1e     PhysXCommon_64:PhysXCommon_64.dll
 0001:00026d97       __imp_load_??0RadixSortBuffered@Cm@physx@@QEAA@XZ 0000000180027d97 f   PhysXCommon_64:PhysXCommon_64.dll
 0001:00026da3       ??1RadixSortBuffered@Cm@physx@@UEAA@XZ 0000000180027da3 f   PhysXCommon_64:PhysXCommon_64.dll
 0001:00026da9       __imp_load_??1RadixSortBuffered@Cm@physx@@UEAA@XZ 0000000180027da9 f   PhysXCommon_64:PhysXCommon_64.dll
 0001:00026db5       ?Sort@RadixSortBuffered@Cm@physx@@QEAAAEAV123@PEBIIW4RadixHint@23@@Z 0000000180027db5 f   PhysXCommon_64:PhysXCommon_64.dll
 0001:00026dbb       __imp_load_?Sort@RadixSortBuffered@Cm@physx@@QEAAAEAV123@PEBIIW4RadixHint@23@@Z 0000000180027dbb f   PhysXCommon_64:PhysXCommon_64.dll
 0001:00026dc7       ??0HeightField@Gu@physx@@QEAA@PEAVGuMeshFactory@2@@Z 0000000180027dc7 f   PhysXCommon_64:PhysXCommon_64.dll
 0001:00026dcd       __imp_load_??0HeightField@Gu@physx@@QEAA@PEAVGuMeshFactory@2@@Z 0000000180027dcd f   PhysXCommon_64:PhysXCommon_64.dll
 0001:00026dd9       ?loadFromDesc@HeightField@Gu@physx@@QEAA_NAEBVPxHeightFieldDesc@3@@Z 0000000180027dd9 f   PhysXCommon_64:PhysXCommon_64.dll
 0001:00026ddf       __imp_load_?loadFromDesc@HeightField@Gu@physx@@QEAA_NAEBVPxHeightFieldDesc@3@@Z 0000000180027ddf f   PhysXCommon_64:PhysXCommon_64.dll
 0001:00026deb       ?computeCellCoordinates@HeightField@Gu@physx@@QEBAIMMAEAM0@Z 0000000180027deb f   PhysXCommon_64:PhysXCommon_64.dll
 0001:00026df1       __imp_load_?computeCellCoordinates@HeightField@Gu@physx@@QEBAIMMAEAM0@Z 0000000180027df1 f   PhysXCommon_64:PhysXCommon_64.dll
 0001:00026dfd       ?releaseMemory@HeightField@Gu@physx@@QEAAXXZ 0000000180027dfd f   PhysXCommon_64:PhysXCommon_64.dll
 0001:00026e03       __imp_load_?releaseMemory@HeightField@Gu@physx@@QEAAXXZ 0000000180027e03 f   PhysXCommon_64:PhysXCommon_64.dll
 0001:00026e0f       ??1HeightField@Gu@physx@@UEAA@XZ 0000000180027e0f f   PhysXCommon_64:PhysXCommon_64.dll
 0001:00026e15       __imp_load_??1HeightField@Gu@physx@@UEAA@XZ 0000000180027e15 f   PhysXCommon_64:PhysXCommon_64.dll
 0001:00026e21       ??0NodeAllocator@Gu@physx@@QEAA@XZ 0000000180027e21 f   PhysXCommon_64:PhysXCommon_64.dll
 0001:00026e27       __imp_load_??0NodeAllocator@Gu@physx@@QEAA@XZ 0000000180027e27 f   PhysXCommon_64:PhysXCommon_64.dll
 0001:00026e33       ??1NodeAllocator@Gu@physx@@QEAA@XZ 0000000180027e33 f   PhysXCommon_64:PhysXCommon_64.dll
 0001:00026e39       __imp_load_??1NodeAllocator@Gu@physx@@QEAA@XZ 0000000180027e39 f   PhysXCommon_64:PhysXCommon_64.dll
 0001:00026e45       ?release@NodeAllocator@Gu@physx@@QEAAXXZ 0000000180027e45 f   PhysXCommon_64:PhysXCommon_64.dll
 0001:00026e4b       __imp_load_?release@NodeAllocator@Gu@physx@@QEAAXXZ 0000000180027e4b f   PhysXCommon_64:PhysXCommon_64.dll
 0001:00026e57       ?buildAABBTree@Gu@physx@@YA_NAEAVAABBTreeBuildParams@12@AEAVNodeAllocator@12@AEAUBuildStats@12@AEAPEAI@Z 0000000180027e57 f   PhysXCommon_64:PhysXCommon_64.dll
 0001:00026e5d       __imp_load_?buildAABBTree@Gu@physx@@YA_NAEAVAABBTreeBuildParams@12@AEAVNodeAllocator@12@AEAUBuildStats@12@AEAPEAI@Z 0000000180027e5d f   PhysXCommon_64:PhysXCommon_64.dll
 0001:00026e69       ?writeDword@physx@@YAXI_NAEAVPxOutputStream@1@@Z 0000000180027e69 f   PhysXCommon_64:PhysXCommon_64.dll
 0001:00026e6f       __imp_load_?writeDword@physx@@YAXI_NAEAVPxOutputStream@1@@Z 0000000180027e6f f   PhysXCommon_64:PhysXCommon_64.dll
 0001:00026e7b       ?writeFloatBuffer@physx@@YAXPEBMI_NAEAVPxOutputStream@1@@Z 0000000180027e7b f   PhysXCommon_64:PhysXCommon_64.dll
 0001:00026e81       __imp_load_?writeFloatBuffer@physx@@YAXPEBMI_NAEAVPxOutputStream@1@@Z 0000000180027e81 f   PhysXCommon_64:PhysXCommon_64.dll
 0001:00026e8d       ?writeHeader@physx@@YA_NCCCCI_NAEAVPxOutputStream@1@@Z 0000000180027e8d f   PhysXCommon_64:PhysXCommon_64.dll
 0001:00026e93       __imp_load_?writeHeader@physx@@YA_NCCCCI_NAEAVPxOutputStream@1@@Z 0000000180027e93 f   PhysXCommon_64:PhysXCommon_64.dll
 0001:00026e9f       ?writeWord@physx@@YAXG_NAEAVPxOutputStream@1@@Z 0000000180027e9f f   PhysXCommon_64:PhysXCommon_64.dll
 0001:00026ea5       __imp_load_?writeWord@physx@@YAXG_NAEAVPxOutputStream@1@@Z 0000000180027ea5 f   PhysXCommon_64:PhysXCommon_64.dll
 0001:00026eb1       ?writeFloat@physx@@YAXM_NAEAVPxOutputStream@1@@Z 0000000180027eb1 f   PhysXCommon_64:PhysXCommon_64.dll
 0001:00026eb7       __imp_load_?writeFloat@physx@@YAXM_NAEAVPxOutputStream@1@@Z 0000000180027eb7 f   PhysXCommon_64:PhysXCommon_64.dll
 0001:00026ec3       ?computeBoundsAroundVertices@Gu@physx@@YAXAEAVPxBounds3@2@IPEIBVPxVec3@2@@Z 0000000180027ec3 f   PhysXCommon_64:PhysXCommon_64.dll
 0001:00026ec9       __imp_load_?computeBoundsAroundVertices@Gu@physx@@YAXAEAVPxBounds3@2@IPEIBVPxVec3@2@@Z 0000000180027ec9 f   PhysXCommon_64:PhysXCommon_64.dll
 0001:00026ed5       ??0SourceMesh@Gu@physx@@QEAA@XZ 0000000180027ed5 f   PhysXCommon_64:PhysXCommon_64.dll
 0001:00026edb       __imp_load_??0SourceMesh@Gu@physx@@QEAA@XZ 0000000180027edb f   PhysXCommon_64:PhysXCommon_64.dll
 0001:00026ee7       ??1SourceMesh@Gu@physx@@QEAA@XZ 0000000180027ee7 f   PhysXCommon_64:PhysXCommon_64.dll
 0001:00026eed       __imp_load_??1SourceMesh@Gu@physx@@QEAA@XZ 0000000180027eed f   PhysXCommon_64:PhysXCommon_64.dll
 0001:00026ef9       ??0BV4Tree@Gu@physx@@QEAA@XZ 0000000180027ef9 f   PhysXCommon_64:PhysXCommon_64.dll
 0001:00026eff       __imp_load_??0BV4Tree@Gu@physx@@QEAA@XZ 0000000180027eff f   PhysXCommon_64:PhysXCommon_64.dll
 0001:00026f0b       ??1BV4Tree@Gu@physx@@QEAA@XZ 0000000180027f0b f   PhysXCommon_64:PhysXCommon_64.dll
 0001:00026f11       __imp_load_??1BV4Tree@Gu@physx@@QEAA@XZ 0000000180027f11 f   PhysXCommon_64:PhysXCommon_64.dll
 0001:00026f1d       ??0BV32Tree@Gu@physx@@QEAA@XZ 0000000180027f1d f   PhysXCommon_64:PhysXCommon_64.dll
 0001:00026f23       __imp_load_??0BV32Tree@Gu@physx@@QEAA@XZ 0000000180027f23 f   PhysXCommon_64:PhysXCommon_64.dll
 0001:00026f2f       ??1BV32Tree@Gu@physx@@QEAA@XZ 0000000180027f2f f   PhysXCommon_64:PhysXCommon_64.dll
 0001:00026f35       __imp_load_??1BV32Tree@Gu@physx@@QEAA@XZ 0000000180027f35 f   PhysXCommon_64:PhysXCommon_64.dll
 0001:00026f41       ?writeWordBuffer@physx@@YAXPEBGI_NAEAVPxOutputStream@1@@Z 0000000180027f41 f   PhysXCommon_64:PhysXCommon_64.dll
 0001:00026f47       __imp_load_?writeWordBuffer@physx@@YAXPEBGI_NAEAVPxOutputStream@1@@Z 0000000180027f47 f   PhysXCommon_64:PhysXCommon_64.dll
 0001:00026f53       ?computeMaxIndex@physx@@YAIPEBII@Z 0000000180027f53 f   PhysXCommon_64:PhysXCommon_64.dll
 0001:00026f59       __imp_load_?computeMaxIndex@physx@@YAIPEBII@Z 0000000180027f59 f   PhysXCommon_64:PhysXCommon_64.dll
 0001:00026f65       ?storeIndices@physx@@YAXIIPEBIAEAVPxOutputStream@1@_N@Z 0000000180027f65 f   PhysXCommon_64:PhysXCommon_64.dll
 0001:00026f6b       __imp_load_?storeIndices@physx@@YAXIIPEBIAEAVPxOutputStream@1@_N@Z 0000000180027f6b f   PhysXCommon_64:PhysXCommon_64.dll
 0001:00026f77       ?BuildBV4Ex@Gu@physx@@YA_NAEAVBV4Tree@12@AEAVSourceMesh@12@MI@Z 0000000180027f77 f   PhysXCommon_64:PhysXCommon_64.dll
 0001:00026f7d       __imp_load_?BuildBV4Ex@Gu@physx@@YA_NAEAVBV4Tree@12@AEAVSourceMesh@12@MI@Z 0000000180027f7d f   PhysXCommon_64:PhysXCommon_64.dll
 0001:00026f89       ?BuildBV32Ex@Gu@physx@@YA_NAEAVBV32Tree@12@AEAVSourceMesh@12@MI@Z 0000000180027f89 f   PhysXCommon_64:PhysXCommon_64.dll
 0001:00026f8f       __imp_load_?BuildBV32Ex@Gu@physx@@YA_NAEAVBV32Tree@12@AEAVSourceMesh@12@MI@Z 0000000180027f8f f   PhysXCommon_64:PhysXCommon_64.dll
 0001:00026f9b       ?computeMaxIndex@physx@@YAGPEBGI@Z 0000000180027f9b f   PhysXCommon_64:PhysXCommon_64.dll
 0001:00026fa1       __imp_load_?computeMaxIndex@physx@@YAGPEBGI@Z 0000000180027fa1 f   PhysXCommon_64:PhysXCommon_64.dll
 0001:00026fad       ?WriteHeader@Gu@physx@@YA_NEEEEI_NAEAVPxOutputStream@2@@Z 0000000180027fad f   PhysXCommon_64:PhysXCommon_64.dll
 0001:00026fb3       __imp_load_?WriteHeader@Gu@physx@@YA_NEEEEI_NAEAVPxOutputStream@2@@Z 0000000180027fb3 f   PhysXCommon_64:PhysXCommon_64.dll
 0001:00026fbf       ?StoreIndices@Gu@physx@@YAXGIPEBGAEAVPxOutputStream@2@_N@Z 0000000180027fbf f   PhysXCommon_64:PhysXCommon_64.dll
 0001:00026fc5       __imp_load_?StoreIndices@Gu@physx@@YAXGIPEBGAEAVPxOutputStream@2@_N@Z 0000000180027fc5 f   PhysXCommon_64:PhysXCommon_64.dll
 0001:00026fd1       ?CreateOffsets@BigConvexData@physx@@IEAAXXZ 0000000180027fd1 f   PhysXCommon_64:PhysXCommon_64.dll
 0001:00026fd7       __imp_load_?CreateOffsets@BigConvexData@physx@@IEAAXXZ 0000000180027fd7 f   PhysXCommon_64:PhysXCommon_64.dll
 0001:00026fe3       ?computeOBBPoints@Gu@physx@@YAXPEIAVPxVec3@2@AEBV32@1111@Z 0000000180027fe3 f   PhysXCommon_64:PhysXCommon_64.dll
 0001:00026fe9       __imp_load_?computeOBBPoints@Gu@physx@@YAXPEIAVPxVec3@2@AEBV32@1111@Z 0000000180027fe9 f   PhysXCommon_64:PhysXCommon_64.dll
 0001:00026ff5       ??0BigConvexData@physx@@QEAA@XZ 0000000180027ff5 f   PhysXCommon_64:PhysXCommon_64.dll
 0001:00026ffb       __imp_load_??0BigConvexData@physx@@QEAA@XZ 0000000180027ffb f   PhysXCommon_64:PhysXCommon_64.dll
 0001:00027007       ??1BigConvexData@physx@@QEAA@XZ 0000000180028007 f   PhysXCommon_64:PhysXCommon_64.dll
 0001:0002700d       __imp_load_??1BigConvexData@physx@@QEAA@XZ 000000018002800d f   PhysXCommon_64:PhysXCommon_64.dll
 0001:00027019       PxGetFoundation            0000000180028019 f   PhysXFoundation_64:PhysXFoundation_64.dll
 0001:0002701f       __tailMerge_physxfoundation_64_dll 000000018002801f     PhysXFoundation_64:PhysXFoundation_64.dll
 0001:00027098       __imp_load_PxGetFoundation 0000000180028098 f   PhysXFoundation_64:PhysXFoundation_64.dll
 0001:000270a4       ?getAllocator@shdfnd@physx@@YAAEAVPxAllocatorCallback@2@XZ 00000001800280a4 f   PhysXFoundation_64:PhysXFoundation_64.dll
 0001:000270aa       __imp_load_?getAllocator@shdfnd@physx@@YAAEAVPxAllocatorCallback@2@XZ 00000001800280aa f   PhysXFoundation_64:PhysXFoundation_64.dll
 0001:000270b6       ?getInstance@Foundation@shdfnd@physx@@SAAEAV123@XZ 00000001800280b6 f   PhysXFoundation_64:PhysXFoundation_64.dll
 0001:000270bc       __imp_load_?getInstance@Foundation@shdfnd@physx@@SAAEAV123@XZ 00000001800280bc f   PhysXFoundation_64:PhysXFoundation_64.dll
 0001:000270c8       ?error@Foundation@shdfnd@physx@@QEAAXW4Enum@PxErrorCode@3@PEBDH1ZZ 00000001800280c8 f   PhysXFoundation_64:PhysXFoundation_64.dll
 0001:000270ce       __imp_load_?error@Foundation@shdfnd@physx@@QEAAXW4Enum@PxErrorCode@3@PEBDH1ZZ 00000001800280ce f   PhysXFoundation_64:PhysXFoundation_64.dll
 0001:000270da       ?incRefCount@Foundation@shdfnd@physx@@SAXXZ 00000001800280da f   PhysXFoundation_64:PhysXFoundation_64.dll
 0001:000270e0       __imp_load_?incRefCount@Foundation@shdfnd@physx@@SAXXZ 00000001800280e0 f   PhysXFoundation_64:PhysXFoundation_64.dll
 0001:000270ec       ?decRefCount@Foundation@shdfnd@physx@@SAXXZ 00000001800280ec f   PhysXFoundation_64:PhysXFoundation_64.dll
 0001:000270f2       __imp_load_?decRefCount@Foundation@shdfnd@physx@@SAXXZ 00000001800280f2 f   PhysXFoundation_64:PhysXFoundation_64.dll
 0001:000270fe       ??0FPUGuard@shdfnd@physx@@QEAA@XZ 00000001800280fe f   PhysXFoundation_64:PhysXFoundation_64.dll
 0001:00027104       __imp_load_??0FPUGuard@shdfnd@physx@@QEAA@XZ 0000000180028104 f   PhysXFoundation_64:PhysXFoundation_64.dll
 0001:00027110       ??1FPUGuard@shdfnd@physx@@QEAA@XZ 0000000180028110 f   PhysXFoundation_64:PhysXFoundation_64.dll
 0001:00027116       __imp_load_??1FPUGuard@shdfnd@physx@@QEAA@XZ 0000000180028116 f   PhysXFoundation_64:PhysXFoundation_64.dll
 0001:00027122       ?allocate@TempAllocator@shdfnd@physx@@QEAAPEAX_KPEBDH@Z 0000000180028122 f   PhysXFoundation_64:PhysXFoundation_64.dll
 0001:00027128       __imp_load_?allocate@TempAllocator@shdfnd@physx@@QEAAPEAX_KPEBDH@Z 0000000180028128 f   PhysXFoundation_64:PhysXFoundation_64.dll
 0001:00027134       ?deallocate@TempAllocator@shdfnd@physx@@QEAAXPEAX@Z 0000000180028134 f   PhysXFoundation_64:PhysXFoundation_64.dll
 0001:0002713a       __imp_load_?deallocate@TempAllocator@shdfnd@physx@@QEAAXPEAX@Z 000000018002813a f   PhysXFoundation_64:PhysXFoundation_64.dll
 0001:00027146       ?PxDiagonalize@physx@@YA?AVPxVec3@1@AEBVPxMat33@1@AEAVPxQuat@1@@Z 0000000180028146 f   PhysXFoundation_64:PhysXFoundation_64.dll
 0001:0002714c       __imp_load_?PxDiagonalize@physx@@YA?AVPxVec3@1@AEBVPxMat33@1@AEAVPxQuat@1@@Z 000000018002814c f   PhysXFoundation_64:PhysXFoundation_64.dll
 0001:00027244       ?DloadAcquireSectionWriteAccess@@YAXXZ 0000000180028244 f i Delayimp:delayhlp.obj
 0001:00027300       ?DloadGetSRWLockFunctionPointers@@YAEXZ 0000000180028300 f i Delayimp:delayhlp.obj
 0001:000273a0       ?DloadMakePermanentImageCommit@@YAXPEAX_K@Z 00000001800283a0 f i Delayimp:delayhlp.obj
 0001:00027438       ?DloadObtainSection@@YAPEAXPEAK0@Z 0000000180028438 f i Delayimp:delayhlp.obj
 0001:000274d4       ?DloadProtectSection@@YAXPEAX_KKPEAK@Z 00000001800284d4 f i Delayimp:delayhlp.obj
 0001:000275cc       ?DloadReleaseSectionWriteAccess@@YAXXZ 00000001800285cc f i Delayimp:delayhlp.obj
 0001:00027678       __delayLoadHelper2         0000000180028678 f   Delayimp:delayhlp.obj
 0001:00027974       ??3@YAXPEAX_K@Z            0000000180028974 f   MSVCRT:delete_scalar_size.obj
 0001:00027974       ??_V@YAXPEAX@Z             0000000180028974 f   MSVCRT:delete_array.obj
 0001:0002797c       ??_Etype_info@@UEAAPEAXI@Z 000000018002897c f i MSVCRT:std_type_info_static.obj
 0001:0002797c       ??_Gtype_info@@UEAAPEAXI@Z 000000018002897c f i MSVCRT:std_type_info_static.obj
 0001:000279a8       ?__scrt_initialize_type_info@@YAXXZ 00000001800289a8 f   MSVCRT:tncleanup.obj
 0001:000279b8       ?__scrt_uninitialize_type_info@@YAXXZ 00000001800289b8 f   MSVCRT:tncleanup.obj
 0001:000279e0       __chkstk                   00000001800289e0 f   MSVCRT:chkstk.obj
 0001:000279e0       _alloca_probe              00000001800289e0 f   MSVCRT:chkstk.obj
 0001:00027a30       ??3@YAXPEAX@Z              0000000180028a30 f   MSVCRT:delete_scalar.obj
 0001:00027a40       __vdecl_sinf4              0000000180028a40 f   MSVCRT:svml_ssinf4_dispatch.obj
 0001:00027a60       __libm_sse2_sincosf_       0000000180028a60 f   MSVCRT:svml_ssinf4_dispatch.obj
 0001:00027aa3       __libm_sse2_sincosf4_      0000000180028aa3 f   MSVCRT:svml_ssinf4_dispatch.obj
 0001:00027dc4       _DllMainCRTStartup         0000000180028dc4 f   MSVCRT:dll_dllmain.obj
 0001:00027e04       __isa_available_init       0000000180028e04 f   MSVCRT:cpu_disp.obj
 0001:000280a0       __sse2_sinf4@@16           00000001800290a0 f   MSVCRT:svml_ssinf4_sse2.obj
 0001:000289e0       __sse4_sinf4@@16           00000001800299e0 f   MSVCRT:svml_ssinf4_sse4.obj
 0001:00029154       __security_init_cookie     000000018002a154 f   MSVCRT:gs_support.obj
 0001:00029204       DllMain                    000000018002a204 f   MSVCRT:dll_dllmain_stub.obj
 0001:00029228       __local_stdio_printf_options 000000018002a228 f i MSVCRT:default_local_stdio_options.obj
 0001:00029230       __local_stdio_scanf_options 000000018002a230 f i MSVCRT:default_local_stdio_options.obj
 0001:00029238       __scrt_initialize_default_local_stdio_options 000000018002a238 f   MSVCRT:default_local_stdio_options.obj
 0001:00029254       __scrt_acquire_startup_lock 000000018002a254 f   MSVCRT:utility.obj
 0001:00029290       __scrt_dllmain_after_initialize_c 000000018002a290 f   MSVCRT:utility.obj
 0001:000292c4       __scrt_dllmain_before_initialize_c 000000018002a2c4 f   MSVCRT:utility.obj
 0001:000292dc       __scrt_dllmain_crt_thread_attach 000000018002a2dc f   MSVCRT:utility.obj
 0001:00029304       __scrt_dllmain_crt_thread_detach 000000018002a304 f   MSVCRT:utility.obj
 0001:0002931c       __scrt_dllmain_exception_filter 000000018002a31c f   MSVCRT:utility.obj
 0001:0002937c       __scrt_dllmain_uninitialize_c 000000018002a37c f   MSVCRT:utility.obj
 0001:000293ac       __scrt_dllmain_uninitialize_critical 000000018002a3ac f   MSVCRT:utility.obj
 0001:000293c0       __scrt_initialize_crt      000000018002a3c0 f   MSVCRT:utility.obj
 0001:000293fc       __scrt_initialize_onexit_tables 000000018002a3fc f   MSVCRT:utility.obj
 0001:00029488       __scrt_is_nonwritable_in_current_image 000000018002a488 f   MSVCRT:utility.obj
 0001:00029520       __scrt_release_startup_lock 000000018002a520 f   MSVCRT:utility.obj
 0001:00029544       __scrt_uninitialize_crt    000000018002a544 f   MSVCRT:utility.obj
 0001:00029570       __scrt_get_dyn_tls_init_callback 000000018002a570 f   MSVCRT:dyn_tls_init.obj
 0001:00029578       __crt_debugger_hook        000000018002a578 f   MSVCRT:utility_desktop.obj
 0001:00029584       __scrt_fastfail            000000018002a584 f   MSVCRT:utility_desktop.obj
 0001:000296d0       _RTC_Initialize            000000018002a6d0 f   MSVCRT:initsect.obj
 0001:0002970c       _RTC_Terminate             000000018002a70c f   MSVCRT:initsect.obj
 0001:00029750       __common_ssin_cout_rare    000000018002a750 f   MSVCRT:svml_s_sin_cout.obj
 0001:000297c0       __scrt_is_ucrt_dll_in_use  000000018002a7c0 f   MSVCRT:ucrt_detection.obj
 0001:000297cc       _purecall                  000000018002a7cc f   vcruntime:VCRUNTIME140.dll
 0001:000297d2       __std_type_info_name       000000018002a7d2 f   vcruntime:VCRUNTIME140.dll
 0001:000297d8       memset                     000000018002a7d8 f   vcruntime:VCRUNTIME140.dll
 0001:000297de       memcpy                     000000018002a7de f   vcruntime:VCRUNTIME140.dll
 0001:000297e4       strstr                     000000018002a7e4 f   vcruntime:VCRUNTIME140.dll
 0001:000297ea       __std_type_info_destroy_list 000000018002a7ea f   vcruntime:VCRUNTIME140.dll
 0001:000297f0       __C_specific_handler       000000018002a7f0 f   vcruntime:VCRUNTIME140.dll
 0001:000297f6       strcmp                     000000018002a7f6 f   ucrt:api-ms-win-crt-string-l1-1-0.dll
 0001:000297fc       atan2f                     000000018002a7fc f   ucrt:api-ms-win-crt-math-l1-1-0.dll
 0001:00029802       free                       000000018002a802 f   ucrt:api-ms-win-crt-heap-l1-1-0.dll
 0001:00029808       _initterm                  000000018002a808 f   ucrt:api-ms-win-crt-runtime-l1-1-0.dll
 0001:0002980e       _initterm_e                000000018002a80e f   ucrt:api-ms-win-crt-runtime-l1-1-0.dll
 0001:00029814       _seh_filter_dll            000000018002a814 f   ucrt:api-ms-win-crt-runtime-l1-1-0.dll
 0001:0002981a       _configure_narrow_argv     000000018002a81a f   ucrt:api-ms-win-crt-runtime-l1-1-0.dll
 0001:00029820       _initialize_narrow_environment 000000018002a820 f   ucrt:api-ms-win-crt-runtime-l1-1-0.dll
 0001:00029826       _initialize_onexit_table   000000018002a826 f   ucrt:api-ms-win-crt-runtime-l1-1-0.dll
 0001:0002982c       _execute_onexit_table      000000018002a82c f   ucrt:api-ms-win-crt-runtime-l1-1-0.dll
 0001:00029832       _cexit                     000000018002a832 f   ucrt:api-ms-win-crt-runtime-l1-1-0.dll
 0001:00029838       __acrt_initialize          000000018002a838 f   MSVCRT:ucrt_stubs.obj
 0001:00029838       __acrt_thread_attach       000000018002a838 f   MSVCRT:ucrt_stubs.obj
 0001:00029838       __acrt_thread_detach       000000018002a838 f   MSVCRT:ucrt_stubs.obj
 0001:00029838       __acrt_uninitialize        000000018002a838 f   MSVCRT:ucrt_stubs.obj
 0001:00029838       __acrt_uninitialize_critical 000000018002a838 f   MSVCRT:ucrt_stubs.obj
 0001:00029838       __scrt_stub_for_acrt_initialize 000000018002a838 f   MSVCRT:ucrt_stubs.obj
 0001:00029838       __scrt_stub_for_acrt_thread_attach 000000018002a838 f   MSVCRT:ucrt_stubs.obj
 0001:00029838       __scrt_stub_for_acrt_thread_detach 000000018002a838 f   MSVCRT:ucrt_stubs.obj
 0001:00029838       __scrt_stub_for_acrt_uninitialize 000000018002a838 f   MSVCRT:ucrt_stubs.obj
 0001:00029838       __scrt_stub_for_acrt_uninitialize_critical 000000018002a838 f   MSVCRT:ucrt_stubs.obj
 0001:00029838       __vcrt_initialize          000000018002a838 f   MSVCRT:ucrt_stubs.obj
 0001:00029838       __vcrt_thread_attach       000000018002a838 f   MSVCRT:ucrt_stubs.obj
 0001:00029838       __vcrt_thread_detach       000000018002a838 f   MSVCRT:ucrt_stubs.obj
 0001:00029838       __vcrt_uninitialize        000000018002a838 f   MSVCRT:ucrt_stubs.obj
 0001:00029838       __vcrt_uninitialize_critical 000000018002a838 f   MSVCRT:ucrt_stubs.obj
 0001:00029850       _guard_dispatch_icall_nop  000000018002a850 f   MSVCRT:guard_dispatch.obj
 0001:00029870       _guard_xfg_dispatch_icall_nop 000000018002a870 f   MSVCRT:guard_xfg_dispatch.obj
 0002:00000000       __imp_LoadLibraryA         000000018002b000     kernel32:KERNEL32.dll
 0002:00000008       __imp_SetUnhandledExceptionFilter 000000018002b008     kernel32:KERNEL32.dll
 0002:00000010       __imp_UnhandledExceptionFilter 000000018002b010     kernel32:KERNEL32.dll
 0002:00000018       __imp_IsDebuggerPresent    000000018002b018     kernel32:KERNEL32.dll
 0002:00000020       __imp_RtlVirtualUnwind     000000018002b020     kernel32:KERNEL32.dll
 0002:00000028       __imp_RtlLookupFunctionEntry 000000018002b028     kernel32:KERNEL32.dll
 0002:00000030       __imp_RtlCaptureContext    000000018002b030     kernel32:KERNEL32.dll
 0002:00000038       __imp_DisableThreadLibraryCalls 000000018002b038     kernel32:KERNEL32.dll
 0002:00000040       __imp_GetSystemTimeAsFileTime 000000018002b040     kernel32:KERNEL32.dll
 0002:00000048       __imp_GetCurrentThreadId   000000018002b048     kernel32:KERNEL32.dll
 0002:00000050       __imp_GetCurrentProcessId  000000018002b050     kernel32:KERNEL32.dll
 0002:00000058       __imp_QueryPerformanceCounter 000000018002b058     kernel32:KERNEL32.dll
 0002:00000060       __imp_InitializeSListHead  000000018002b060     kernel32:KERNEL32.dll
 0002:00000068       __imp_LoadLibraryExA       000000018002b068     kernel32:KERNEL32.dll
 0002:00000070       __imp_GetProcAddress       000000018002b070     kernel32:KERNEL32.dll
 0002:00000078       __imp_GetModuleHandleW     000000018002b078     kernel32:KERNEL32.dll
 0002:00000080       __imp_FreeLibrary          000000018002b080     kernel32:KERNEL32.dll
 0002:00000088       __imp_VirtualQuery         000000018002b088     kernel32:KERNEL32.dll
 0002:00000090       __imp_VirtualProtect       000000018002b090     kernel32:KERNEL32.dll
 0002:00000098       __imp_GetSystemInfo        000000018002b098     kernel32:KERNEL32.dll
 0002:000000a0       __imp_GetLastError         000000018002b0a0     kernel32:KERNEL32.dll
 0002:000000a8       __imp_RaiseException       000000018002b0a8     kernel32:KERNEL32.dll
 0002:000000b0       __imp_IsProcessorFeaturePresent 000000018002b0b0     kernel32:KERNEL32.dll
 0002:000000b8       \177KERNEL32_NULL_THUNK_DATA 000000018002b0b8     kernel32:KERNEL32.dll
[...]
 0002:00006588       rgwOrd                     0000000180031588     PhysXCooking_64.exp
 0002:0000667c       szName                     000000018003167c     PhysXCooking_64.exp
 0002:00006690       $N00001                    0000000180031690     PhysXCooking_64.exp
 0002:000066bf       $N00002                    00000001800316bf     PhysXCooking_64.exp
 0002:000066e6       $N00003                    00000001800316e6     PhysXCooking_64.exp
 0002:00006721       $N00004                    0000000180031721     PhysXCooking_64.exp
 0002:00006748       $N00005                    0000000180031748     PhysXCooking_64.exp
 0002:00006774       $N00006                    0000000180031774     PhysXCooking_64.exp
 0002:00006795       $N00007                    0000000180031795     PhysXCooking_64.exp
 0002:000067ca       $N00008                    00000001800317ca     PhysXCooking_64.exp
 0002:000067e3       $N00009                    00000001800317e3     PhysXCooking_64.exp
 0002:00006803       $N00010                    0000000180031803     PhysXCooking_64.exp
 0002:0000682c       $N00011                    000000018003182c     PhysXCooking_64.exp
 0002:00006853       $N00012                    0000000180031853     PhysXCooking_64.exp
 0002:00006882       $N00013                    0000000180031882     PhysXCooking_64.exp
 0002:000068af       $N00014                    00000001800318af     PhysXCooking_64.exp
 0002:000068e0       $N00015                    00000001800318e0     PhysXCooking_64.exp
 0002:00006905       $N00016                    0000000180031905     PhysXCooking_64.exp
 0002:00006930       $N00017                    0000000180031930     PhysXCooking_64.exp
 0002:00006956       $N00018                    0000000180031956     PhysXCooking_64.exp
 0002:00006975       $N00019                    0000000180031975     PhysXCooking_64.exp
 0002:000069ab       $N00020                    00000001800319ab     PhysXCooking_64.exp
 0002:000069d5       $N00021                    00000001800319d5     PhysXCooking_64.exp
 0002:000069fc       $N00022                    00000001800319fc     PhysXCooking_64.exp
 0002:00006a25       $N00023                    0000000180031a25     PhysXCooking_64.exp
 0002:00006a3e       $N00024                    0000000180031a3e     PhysXCooking_64.exp
 0002:00006a63       $N00025                    0000000180031a63     PhysXCooking_64.exp
 0002:00006a82       $N00026                    0000000180031a82     PhysXCooking_64.exp
 0002:00006aa1       $N00027                    0000000180031aa1     PhysXCooking_64.exp
 0002:00006ac1       $N00028                    0000000180031ac1     PhysXCooking_64.exp
 0002:00006af7       $N00029                    0000000180031af7     PhysXCooking_64.exp
 0002:00006b2f       $N00030                    0000000180031b2f     PhysXCooking_64.exp
 0002:00006b63       $N00031                    0000000180031b63     PhysXCooking_64.exp
 0002:00006b95       $N00032                    0000000180031b95     PhysXCooking_64.exp
 0002:00006bc2       $N00033                    0000000180031bc2     PhysXCooking_64.exp
 0002:00006bea       $N00034                    0000000180031bea     PhysXCooking_64.exp
 0002:00006c1b       $N00035                    0000000180031c1b     PhysXCooking_64.exp
 0002:00006c4a       $N00036                    0000000180031c4a     PhysXCooking_64.exp
 0002:00006c7a       $N00037                    0000000180031c7a     PhysXCooking_64.exp
 0002:00006ca8       $N00038                    0000000180031ca8     PhysXCooking_64.exp
 0002:00006cd9       $N00039                    0000000180031cd9     PhysXCooking_64.exp
 0002:00006d0f       $N00040                    0000000180031d0f     PhysXCooking_64.exp
 0002:00006d43       $N00041                    0000000180031d43     PhysXCooking_64.exp
 0002:00006d75       $N00042                    0000000180031d75     PhysXCooking_64.exp
 0002:00006da7       $N00043                    0000000180031da7     PhysXCooking_64.exp
 0002:00006dd3       $N00044                    0000000180031dd3     PhysXCooking_64.exp
 0002:00006def       $N00045                    0000000180031def     PhysXCooking_64.exp
 0002:00006e19       $N00046                    0000000180031e19     PhysXCooking_64.exp
 0002:00006e3d       $N00047                    0000000180031e3d     PhysXCooking_64.exp
 0002:00006e6f       $N00048                    0000000180031e6f     PhysXCooking_64.exp
 0002:00006e96       $N00049                    0000000180031e96     PhysXCooking_64.exp
 0002:00006ec4       $N00050                    0000000180031ec4     PhysXCooking_64.exp
 0002:00006eef       $N00051                    0000000180031eef     PhysXCooking_64.exp
 0002:00006f1c       $N00052                    0000000180031f1c     PhysXCooking_64.exp
 0002:00006f45       $N00053                    0000000180031f45     PhysXCooking_64.exp
 0002:00006f74       $N00054                    0000000180031f74     PhysXCooking_64.exp
 0002:00006f9d       $N00055                    0000000180031f9d     PhysXCooking_64.exp
 0002:00006fc6       $N00056                    0000000180031fc6     PhysXCooking_64.exp
 0002:00006ff4       $N00057                    0000000180031ff4     PhysXCooking_64.exp
 0002:0000701c       $N00058                    000000018003201c     PhysXCooking_64.exp
 0002:00007057       $N00059                    0000000180032057     PhysXCooking_64.exp
 0002:00007081       $N00060                    0000000180032081     PhysXCooking_64.exp
 0002:000070b5       $N00061                    00000001800320b5     PhysXCooking_64.exp
 0002:000070eb       $N00062                    00000001800320eb     PhysXCooking_64.exp
 0002:00007127       $N00063                    0000000180032127     PhysXCooking_64.exp
 0002:0000716f       $N00064                    000000018003216f     PhysXCooking_64.exp
 0002:000071bf       $N00065                    00000001800321bf     PhysXCooking_64.exp
 0002:000071f3       $N00066                    00000001800321f3     PhysXCooking_64.exp
 0002:00007228       $N00067                    0000000180032228     PhysXCooking_64.exp
 0002:0000725e       $N00068                    000000018003225e     PhysXCooking_64.exp
 0002:00007285       $N00069                    0000000180032285     PhysXCooking_64.exp
 0002:000072cd       $N00070                    00000001800322cd     PhysXCooking_64.exp
 0002:00007313       $N00071                    0000000180032313     PhysXCooking_64.exp
 0002:0000736b       $N00072                    000000018003236b     PhysXCooking_64.exp
 0002:000073b2       $N00073                    00000001800323b2     PhysXCooking_64.exp
 0002:000073dd       $N00074                    00000001800323dd     PhysXCooking_64.exp
 0002:0000740d       $N00075                    000000018003240d     PhysXCooking_64.exp
 0002:0000745d       $N00076                    000000018003245d     PhysXCooking_64.exp
 0002:0000750c       $N00077                    000000018003250c     PhysXCooking_64.exp
 0002:0000756a       $N00078                    000000018003256a     PhysXCooking_64.exp
 0002:00007596       $N00079                    0000000180032596     PhysXCooking_64.exp
 0002:000075c2       $N00080                    00000001800325c2     PhysXCooking_64.exp
 0002:000075f7       $N00081                    00000001800325f7     PhysXCooking_64.exp
 0002:00007620       $N00082                    0000000180032620     PhysXCooking_64.exp
 0002:0000765c       $N00083                    000000018003265c     PhysXCooking_64.exp
 0002:00007688       $N00084                    0000000180032688     PhysXCooking_64.exp
 0002:000076bb       $N00085                    00000001800326bb     PhysXCooking_64.exp
 0002:00007708       $N00086                    0000000180032708     PhysXCooking_64.exp
 0002:0000773b       $N00087                    000000018003273b     PhysXCooking_64.exp
 0002:00007775       $N00088                    0000000180032775     PhysXCooking_64.exp
 0002:000077af       $N00089                    00000001800327af     PhysXCooking_64.exp
 0002:000077eb       $N00090                    00000001800327eb     PhysXCooking_64.exp
 0002:0000782f       $N00091                    000000018003282f     PhysXCooking_64.exp
 0002:0000785e       $N00092                    000000018003285e     PhysXCooking_64.exp
 0002:000078d8       $N00093                    00000001800328d8     PhysXCooking_64.exp
 0002:00007935       $N00094                    0000000180032935     PhysXCooking_64.exp
 0002:00007961       $N00095                    0000000180032961     PhysXCooking_64.exp
 0002:00007995       $N00096                    0000000180032995     PhysXCooking_64.exp
 0002:000079ce       $N00097                    00000001800329ce     PhysXCooking_64.exp
 0002:00007a0b       $N00098                    0000000180032a0b     PhysXCooking_64.exp
 0002:00007a41       $N00099                    0000000180032a41     PhysXCooking_64.exp
 0002:00007a6e       $N00100                    0000000180032a6e     PhysXCooking_64.exp
 0002:00007a9b       $N00101                    0000000180032a9b     PhysXCooking_64.exp
 0002:00007ac6       $N00102                    0000000180032ac6     PhysXCooking_64.exp
 0002:00007af2       $N00103                    0000000180032af2     PhysXCooking_64.exp
 0002:00007b1f       $N00104                    0000000180032b1f     PhysXCooking_64.exp
 0002:00007b3f       $N00105                    0000000180032b3f     PhysXCooking_64.exp
 0002:00007b7b       $N00106                    0000000180032b7b     PhysXCooking_64.exp
 0002:00007bac       $N00107                    0000000180032bac     PhysXCooking_64.exp
 0002:00007bde       $N00108                    0000000180032bde     PhysXCooking_64.exp
 0002:00007c20       $N00109                    0000000180032c20     PhysXCooking_64.exp
 0002:00007c4d       $N00110                    0000000180032c4d     PhysXCooking_64.exp
 0002:00007c71       $N00111                    0000000180032c71     PhysXCooking_64.exp
 0002:00007ca1       $N00112                    0000000180032ca1     PhysXCooking_64.exp
 0002:00007cd4       $N00113                    0000000180032cd4     PhysXCooking_64.exp
 0002:00007cf9       $N00114                    0000000180032cf9     PhysXCooking_64.exp
 0002:00007d27       $N00115                    0000000180032d27     PhysXCooking_64.exp
 0002:00007d4f       $N00116                    0000000180032d4f     PhysXCooking_64.exp
 0002:00007d6f       $N00117                    0000000180032d6f     PhysXCooking_64.exp
 0002:00007db4       $N00118                    0000000180032db4     PhysXCooking_64.exp
 0002:00007df1       $N00119                    0000000180032df1     PhysXCooking_64.exp
 0002:00007e2e       $N00120                    0000000180032e2e     PhysXCooking_64.exp
 0002:00007e61       $N00121                    0000000180032e61     PhysXCooking_64.exp
 0002:00007e71       $N00122                    0000000180032e71     PhysXCooking_64.exp
 0002:000080b0       .idata$6                   00000001800330b0     kernel32:KERNEL32.dll
 0002:00008138       .idata$6                   0000000180033138     vcruntime:VCRUNTIME140.dll
 0002:00008218       .idata$6                   0000000180033218     ucrt:api-ms-win-crt-string-l1-1-0.dll
 0002:0000823a       .idata$6                   000000018003323a     ucrt:api-ms-win-crt-math-l1-1-0.dll
 0002:0000825a       .idata$6                   000000018003325a     ucrt:api-ms-win-crt-heap-l1-1-0.dll
 0002:0000827a       .idata$6                   000000018003327a     ucrt:api-ms-win-crt-runtime-l1-1-0.dll
 0003:00000000       ?MAXDOT_MINANG@local@@3MB  0000000180034000     ConvexHullUtils.obj
 0003:00000004       ?MAXDOT_MINANG@local@@3MB  0000000180034004     QuickHullConvexHullLib.obj
 0003:00000820       ?maxV3Error@_VecMathTests@aos@shdfnd@physx@@3T__m128@@B 0000000180034820     Cooking.obj
 0003:00000830       ?minFError@_VecMathTests@aos@shdfnd@physx@@3T__m128@@B 0000000180034830     Cooking.obj
 0003:00000840       ?maxV4Error@_VecMathTests@aos@shdfnd@physx@@3T__m128@@B 0000000180034840     Cooking.obj
 0003:00000850       ?minV4Error@_VecMathTests@aos@shdfnd@physx@@3T__m128@@B 0000000180034850     Cooking.obj
 0003:00000860       ?minV3Error@_VecMathTests@aos@shdfnd@physx@@3T__m128@@B 0000000180034860     Cooking.obj
 0003:00000870       ?maxFError@_VecMathTests@aos@shdfnd@physx@@3T__m128@@B 0000000180034870     Cooking.obj
 0003:00000880       ?maxV3Error@_VecMathTests@aos@shdfnd@physx@@3T__m128@@B 0000000180034880     BVHStructureBuilder.obj
 0003:00000890       ?minFError@_VecMathTests@aos@shdfnd@physx@@3T__m128@@B 0000000180034890     BVHStructureBuilder.obj
 0003:000008a0       ?maxV4Error@_VecMathTests@aos@shdfnd@physx@@3T__m128@@B 00000001800348a0     BVHStructureBuilder.obj
 0003:000008b0       ?minV4Error@_VecMathTests@aos@shdfnd@physx@@3T__m128@@B 00000001800348b0     BVHStructureBuilder.obj
 0003:000008c0       ?minV3Error@_VecMathTests@aos@shdfnd@physx@@3T__m128@@B 00000001800348c0     BVHStructureBuilder.obj
 0003:000008d0       ?maxFError@_VecMathTests@aos@shdfnd@physx@@3T__m128@@B 00000001800348d0     BVHStructureBuilder.obj
 0003:000008e0       ?maxV3Error@_VecMathTests@aos@shdfnd@physx@@3T__m128@@B 00000001800348e0     RTreeCooking.obj
 0003:000008f0       ?minFError@_VecMathTests@aos@shdfnd@physx@@3T__m128@@B 00000001800348f0     RTreeCooking.obj
 0003:00000900       ?maxV4Error@_VecMathTests@aos@shdfnd@physx@@3T__m128@@B 0000000180034900     RTreeCooking.obj
 0003:00000910       ?minV4Error@_VecMathTests@aos@shdfnd@physx@@3T__m128@@B 0000000180034910     RTreeCooking.obj
 0003:00000920       ?minV3Error@_VecMathTests@aos@shdfnd@physx@@3T__m128@@B 0000000180034920     RTreeCooking.obj
 0003:00000930       ?maxFError@_VecMathTests@aos@shdfnd@physx@@3T__m128@@B 0000000180034930     RTreeCooking.obj
 0003:00000940       ?maxV3Error@_VecMathTests@aos@shdfnd@physx@@3T__m128@@B 0000000180034940     MeshBuilder.obj
 0003:00000950       ?minFError@_VecMathTests@aos@shdfnd@physx@@3T__m128@@B 0000000180034950     MeshBuilder.obj
 0003:00000960       ?maxV4Error@_VecMathTests@aos@shdfnd@physx@@3T__m128@@B 0000000180034960     MeshBuilder.obj
 0003:00000970       ?minV4Error@_VecMathTests@aos@shdfnd@physx@@3T__m128@@B 0000000180034970     MeshBuilder.obj
 0003:00000980       ?minV3Error@_VecMathTests@aos@shdfnd@physx@@3T__m128@@B 0000000180034980     MeshBuilder.obj
 0003:00000990       ?maxFError@_VecMathTests@aos@shdfnd@physx@@3T__m128@@B 0000000180034990     MeshBuilder.obj
 0003:000009a0       ?maxV3Error@_VecMathTests@aos@shdfnd@physx@@3T__m128@@B 00000001800349a0     TriangleMeshBuilder.obj
 0003:000009b0       ?minFError@_VecMathTests@aos@shdfnd@physx@@3T__m128@@B 00000001800349b0     TriangleMeshBuilder.obj
 0003:000009c0       ?maxV4Error@_VecMathTests@aos@shdfnd@physx@@3T__m128@@B 00000001800349c0     TriangleMeshBuilder.obj
 0003:000009d0       ?minV4Error@_VecMathTests@aos@shdfnd@physx@@3T__m128@@B 00000001800349d0     TriangleMeshBuilder.obj
 0003:000009e0       ?minV3Error@_VecMathTests@aos@shdfnd@physx@@3T__m128@@B 00000001800349e0     TriangleMeshBuilder.obj
 0003:000009f0       ?maxFError@_VecMathTests@aos@shdfnd@physx@@3T__m128@@B 00000001800349f0     TriangleMeshBuilder.obj
 0003:00000a00       ?maxV3Error@_VecMathTests@aos@shdfnd@physx@@3T__m128@@B 0000000180034a00     BigConvexDataBuilder.obj
 0003:00000a10       ?minFError@_VecMathTests@aos@shdfnd@physx@@3T__m128@@B 0000000180034a10     BigConvexDataBuilder.obj
 0003:00000a20       ?maxV4Error@_VecMathTests@aos@shdfnd@physx@@3T__m128@@B 0000000180034a20     BigConvexDataBuilder.obj
 0003:00000a30       ?minV4Error@_VecMathTests@aos@shdfnd@physx@@3T__m128@@B 0000000180034a30     BigConvexDataBuilder.obj
 0003:00000a40       ?minV3Error@_VecMathTests@aos@shdfnd@physx@@3T__m128@@B 0000000180034a40     BigConvexDataBuilder.obj
 0003:00000a50       ?maxFError@_VecMathTests@aos@shdfnd@physx@@3T__m128@@B 0000000180034a50     BigConvexDataBuilder.obj
 0003:00000a60       ?maxV3Error@_VecMathTests@aos@shdfnd@physx@@3T__m128@@B 0000000180034a60     ConvexHullBuilder.obj
 0003:00000a70       ?minFError@_VecMathTests@aos@shdfnd@physx@@3T__m128@@B 0000000180034a70     ConvexHullBuilder.obj
 0003:00000a80       ?maxV4Error@_VecMathTests@aos@shdfnd@physx@@3T__m128@@B 0000000180034a80     ConvexHullBuilder.obj
 0003:00000a90       ?minV4Error@_VecMathTests@aos@shdfnd@physx@@3T__m128@@B 0000000180034a90     ConvexHullBuilder.obj
 0003:00000aa0       ?minV3Error@_VecMathTests@aos@shdfnd@physx@@3T__m128@@B 0000000180034aa0     ConvexHullBuilder.obj
 0003:00000ab0       ?maxFError@_VecMathTests@aos@shdfnd@physx@@3T__m128@@B 0000000180034ab0     ConvexHullBuilder.obj
 0003:00000ac0       ?maxV3Error@_VecMathTests@aos@shdfnd@physx@@3T__m128@@B 0000000180034ac0     ConvexHullUtils.obj
 0003:00000ad0       ?minFError@_VecMathTests@aos@shdfnd@physx@@3T__m128@@B 0000000180034ad0     ConvexHullUtils.obj
 0003:00000ae0       ?maxV4Error@_VecMathTests@aos@shdfnd@physx@@3T__m128@@B 0000000180034ae0     ConvexHullUtils.obj
 0003:00000af0       ?minV4Error@_VecMathTests@aos@shdfnd@physx@@3T__m128@@B 0000000180034af0     ConvexHullUtils.obj
 0003:00000b00       ?minV3Error@_VecMathTests@aos@shdfnd@physx@@3T__m128@@B 0000000180034b00     ConvexHullUtils.obj
 0003:00000b10       ?maxFError@_VecMathTests@aos@shdfnd@physx@@3T__m128@@B 0000000180034b10     ConvexHullUtils.obj
 0003:00000b20       ?maxV3Error@_VecMathTests@aos@shdfnd@physx@@3T__m128@@B 0000000180034b20     ConvexMeshBuilder.obj
 0003:00000b30       ?minFError@_VecMathTests@aos@shdfnd@physx@@3T__m128@@B 0000000180034b30     ConvexMeshBuilder.obj
 0003:00000b40       ?maxV4Error@_VecMathTests@aos@shdfnd@physx@@3T__m128@@B 0000000180034b40     ConvexMeshBuilder.obj
 0003:00000b50       ?minV4Error@_VecMathTests@aos@shdfnd@physx@@3T__m128@@B 0000000180034b50     ConvexMeshBuilder.obj
 0003:00000b60       ?minV3Error@_VecMathTests@aos@shdfnd@physx@@3T__m128@@B 0000000180034b60     ConvexMeshBuilder.obj
 0003:00000b70       ?maxFError@_VecMathTests@aos@shdfnd@physx@@3T__m128@@B 0000000180034b70     ConvexMeshBuilder.obj
 0003:00000b80       ?maxV3Error@_VecMathTests@aos@shdfnd@physx@@3T__m128@@B 0000000180034b80     VolumeIntegration.obj
 0003:00000b90       ?minFError@_VecMathTests@aos@shdfnd@physx@@3T__m128@@B 0000000180034b90     VolumeIntegration.obj
 0003:00000ba0       ?maxV4Error@_VecMathTests@aos@shdfnd@physx@@3T__m128@@B 0000000180034ba0     VolumeIntegration.obj
 0003:00000bb0       ?minV4Error@_VecMathTests@aos@shdfnd@physx@@3T__m128@@B 0000000180034bb0     VolumeIntegration.obj
 0003:00000bc0       ?minV3Error@_VecMathTests@aos@shdfnd@physx@@3T__m128@@B 0000000180034bc0     VolumeIntegration.obj
 0003:00000bd0       ?maxFError@_VecMathTests@aos@shdfnd@physx@@3T__m128@@B 0000000180034bd0     VolumeIntegration.obj
 0003:00000be0       ?gCookingDelayLoadHook@@3PEBVPxDelayLoadHook@physx@@EB 0000000180034be0     WindowsCookingDelayLoadHook.obj
 0003:00000c40       ?__proc_attached@@3HA      0000000180034c40     MSVCRT:dll_dllmain.obj
 0003:00000c70       ?is_initialized_as_dll@@3_NA 0000000180034c70     MSVCRT:utility.obj
 0003:00000c71       ?module_local_atexit_table_initialized@@3_NA 0000000180034c71     MSVCRT:utility.obj
 0003:00000c78       ?module_local_atexit_table@@3U_onexit_table_t@@A 0000000180034c78     MSVCRT:utility.obj
 0003:00000c90       ?module_local_at_quick_exit_table@@3U_onexit_table_t@@A 0000000180034c90     MSVCRT:utility.obj
 0005:00000000       _2il0floatpacket$19        0000000180037000     MSVCRT:svml_ssinf4_sse2.obj
 0005:00002200       _vmlsSinHATab              0000000180039200     MSVCRT:svml_s_sin_cout.obj
 0006:000000a0       $R000000                   000000018003a0a0     PhysXCooking.res
 0006:000003d0       $R000330                   000000018003a3d0     PhysXCooking.res
